[    0.000000] Initializing cgroup subsys cpuset
[    0.000000] Initializing cgroup subsys cpu
[    0.00000] Initializing cgroup subsys cpuacct
[    0.000000] Linux version 4.4.0-89-generic (buildd@lgw01-18) (gcc version 5.4.0 20160609 (Ubuntu 5.4.0-6ubuntu1~16.04.4) ) #112-Ubuntu SMP Mon Jul 31 19:38:41 UTC 2017 (Ubuntu 4.4.0-89.112-generic 4.4.76)
[    0.000000] Command line: BOOT_IME=/bo/vmlinuz-4.4.0-89-generic root=LABEL=cloudimg-rootfs ro console=tty1 console=ttyS0
[    0.000000] KERNEL supported cpus:
[    0.000000]   Intel GenuineIntel
[    0.000000]   AMD AuthenticAMD
[    0.000000]   Centaur CentrHuls
[    0.000000] x86/fpu: xstate_offset[2]:  576, xstate_sizes2]:  6
[    0.000000] x86/fpu: Supporting XSAVE feature 0x01: 'x87 floating point registers'
[    0.000000] x86/fpu: Supporting XSAVE feature 0x02: 'SSE registers'
[    0.000000] x86/fpu: Supporting XSAVE feature 0x04: 'AX registers'
[    0.000000] x86/fpu: Enabled xstate features 0x7, context size is 832 bytes, using 'standard' format.
[    0.000000] x86/fpu: Using 'lazy' FPU context switches.
[    0.000000] e820: BIOS-provided physical RAM map:
[    0.000000] BIOS-e820: [mem 0x0000000000000000-0x000000000009fbff] usable
[    0.000000] BIOS-e820: [mem 0x000000000009fc00-0x000000000009ffff] reserved
[    0.0000] BIOS-e820: [mem 0x0000000000f0000-0x00000000000fffff] reserved
[    0.000000] BIOS-e820: [mem 0x0000000000100000-0x000000001f3effff] usable
[    0.000000] BIOS-e820: [mem 0x000000001f3f0000-0x000000001f3fffff] ACPI data
[    0.000000] IO-e820: [mem 0x00000000fec00000-0x00000000fec00fff] reserved
[    0.000000] BIOS-e820: [mem 0x00000000fee00000-0x00000000fee00fff] reserved
[    0.000000] BIOS-e820: [mem 0x00000000fffc0000-0x00000000ffffffff] reserved
[    0.000000] NX Exut Disable) protecti: ctive
[    0.000000] SMBIOS 2.5 present.
[    0.000000] Hypervisor detected: KVM
[    0.000000] e820: last_pfn = 0x1f3f0 max_arch_pfn = 0x400000000
[    0.000000] MTRR: Disabled
[    0.000000] x86/PAT: MTRRs disabed skipping PAT initialization too.
[   .00000] x86/PAT: Configuration [0-7]: WB  WT  UC- UC  WB  WT  UC UC  
[    0.000000] CPU MTRRs all blank - virtualized system.
[    0.000000] found SMP MP-table at [mem 0x0009fff0-0x0009ffff] mapped at [ffff88000009fff0]
[    0.000000] Scanning 1 areas for low memory corruption
[    0.000000] RAMDISK: [mem 0x1e0d6000-0x1eb6bfff]
[    0.000000] ACPI: Early table checksum verification disabled
[    0.000000] ACPI: RSDP 0x00000000000E0000 000024 (v02 VBOX  )
[    0.000000] ACPI: XSDT 0x000000001F3F0030 00003C (v01 VBOX   VBOXXSDT 00000001 ASL  00000061)
[    0.000000] ACPI: FACP 0x000000001F3F00F0 0000F4 (v04 VBOX   VBOXFACP 00000001 ASL  00000061)
[    0.000000] ACPI: DSDT 0x000000001F3F0470 0021FF (v02 VBOX   VBOXBIOS 00000002 INTL 20160108)
[    0.0000] ACPI: FACS 0x000000001F3F0200 000040
  0.00000] ACPI: FACS 0x000000001F3F0200 000040
[    0.000000] ACPI: APIC 0x000000001F3F0240 00005C (v02 VBOX   VBOXAPIC 00000001 ASL  00000061)
[    0.000000] ACPI: SSDT 0x000000001F3F02A0 0001CC (v01 VBOX   VBOXCPUT 00000002 INTL 20160108)
[    0.000000] No NUMA configuration found
[    0.000000] Faking a node at [mem 0x0000000000000000-0x000000001f3effff]
[    0.000000] NODE_DATA(0) allocated [mem 0x1f3eb000-0x1f3effff]
[    0.000000] kvm-clock: Using msrs 4b564d01 and 4b564d00
[    0.000000] kvm-clock: cpu 0, msr 0:1f3e3001, primary cpu clock
[    0.000000] kvm-clock: using sched offset of 3746648689 cycles
[    0.000000] clocksource: kvm-clock: mask: 0xffffffffffffffff max_cycles: 0x1cd42e4dffb, max_idle_ns: 881590591483 ns
[    0.000000] Zone ranges:
[    0.000000]   DMA      [mem 0x0000000000001000-0x0000000000ffffff]
[    0.000000]   DMA32    [mem 0x0000000001000000-0x000000001f3effff]
[    0.000000]   Normal   empty
[    0.000000]   Device   empty
[    0.000000] Movable zone start for each node
[    0.000000] Ealy memory node ranges
   00000] node   0: [mem 0x0000000000001000-0x000000000009efff]
[    0.000000]   node   0: [mem 0x0000000000100000-0x0000001f3effff]
[    0.000000] Initmem setup node 0 [mem 0x0000000000001000-0x000000001f3effff]
[    0.000000] ACPI: PM-Timer IO Port: 0x4008
[    0.000000] IOAPIC[0]: apic_id 2, version 32, address 0xfec00000, GSI 0-23
[    0.000000] ACPI: INT_SRC_OVR (bus 0 bus_irq 0 global_irq 2 dfl dfl)
[   0.000000] ACPI: INT_SRC_OVR (bus 0 bus_irq 9 global_irq 9 low level)
[    0.000000] Using ACPI (MADT) for SMP configuration information
[    0.000000] smpboot: Allowing 2 CPUs, 0 hotplug CPUs
[    0.000000] PM: Registered nosave memory: [mem 0x00000000-0x00000fff]
[    0.000000] PM: Registered nosave memory: [mem 0x0009f000-0x0009ffff]
[    0.000000] PM: Registered nosave memory: [memx00a0000-0x00effff]
[    0.000000] PM: Registered nosave memory: [mem 0x000f0000-0x000fffff]
[    0.000000] e820: [mem 0x1f400000-0xfebfffff] available for PCI devices
[    0.000000] Booting paravirtualized kernel on KVM
[    0.000000] clocksource: refined-jiffies: mask: 0xffffffff max_cycles: 0xffffffff, max_idle_ns: 76519600211568 ns
[    0.000000] setup_percpu: NR_CPUS:512 nr_cpumask_bits:512 nr_cpu_ids:2 nr_node_ids:1
[    0.000000] PERCPU: Embedded 3paes/cpu @ffff88001f000000 s98264 r8192 d28712 u1048576
[    0.000000 Pqspinlock hah table entries: 256 (order: 0, 4096 bytes)
[    0.000000] Built 1 zonelists in Node order, mobility grouping on.  Total pages: 125865
[    0.000000] Policy zone: DMA32
[    0.000000] Kernel command line: BOOT_IMAGE=/boot/vmlinuz-4.4.0-89-generic root=LABEL=cloudimg-rootfs ro console=tty1 console=ttyS0
[    0.000000] PID hash table entries: 2048 (order: 2, 16384 bytes)
[    0.000000] Memory: 473368K/511544K available (8474K kernel code, 1294K rwdata, 3984K rodata, 1488K init, 1316K bss, 38176K reserved, 0K cma-reserved)
[    0.000000] SLUB: HWalign=64, Order=0-3, MinObjects=0, CPUs=2, Nodes=1
[    0.000000] Hierarchical RCU implementation.
[    0.000000] 	Build-time adjustment of leaf fanout to 64.
[    0.000000] 	RCU restricting CPUs from NR_CPUS=512 to nr_cpu_ids=2.
[    0.000000] RCU: Adjusting geometry for rcu_fanout_leaf=64, nr_cpu_ids=2
[    0.000000] NR_IRQS:33024 nr_irqs:440 16
[    0.000000] Console: colour VGA+ 80x25
[    0.000000] console [tty1] enabled
[    0.000000] console [ttyS0] enabled
[    0.000000] tsc: Detected 2494.332 MHz processor
[    3.348083] Calibrating delay loop (skipped) preset value.. 4988.66 BogoMIPS (lpj=9977328)
[    3.367444] pid_max: default: 32768 minimum: 301
[    3.368689] ACPI: Core revision 20150930
[    3.370808] ACPI: 2 ACPI AML tables successfully acquired and loaded
[    3.377329] Security Framework initialized
[    3.409102] Yama: becoming mindful.
[    3.415888] AppArmor: AppArmor initialized
[    3.420315] Dentry cache hash table entries: 65536 (order: 7, 524288 bytes)
[    3.429877] Inode-cache hash table entries: 32768 (order: 6, 262144 bytes)
[    3.437498] Mount-cache hash table entries: 1024 (order: 1, 8192 bytes)
[    3.446676] Mountpoint-cache hash table entries: 1024 (order: 1, 8192 bytes)
[    3.449563] Initializing cgroup subsys io
[    3.487440] Initializing cgroup subsys memory
[    3.573878] Initializing cgroup subsys devices
[    3.635695] Initializing cgroup subsys freezer
[    3.640929] Initializing cgroup subsys net_cls
[    3.656025] Initializing cgroup subsys perf_event
[    3.660732] Initializing cgroup subsys net_prio
[    3.727999] Initializing cgroup subsys hugetlb
[    3.810045] Initializing cgroup subsys pids
[    3.891761] CPU: Physical Processor ID: 0
[    3.949856] CPU: Processor Core ID: 0
[    3.952553] mce: CPU supports 0 MCE banks
[    3.992896] Last level iTLB entries: 4KB 512, 2MB 8, 4MB 8
[    4.040344] Last level dTLB entries: 4KB 512, 2MB 32, 4MB 32, 1GB 0
[    4.074287] Freeing SMP alternatives memory: 32K (ffffffff820b9000 - ffffffff820c1000)
[    4.153849] ftrace: allocating 32131 entries in 126 pages
[    4.249037] smpboot: APIC(0) Converting physical 0 to logical package 0
[    4.353363] smpboot: Max logical packages: 1
[    4.427747] x2apic enabled
[    4.440001] Switched APIC routing to physical x2apic.
[    4.444564] ..TIMER: vector=0x30 apic1=0 pin1=2 apic2=-1 pin2=-1
[    4.559373] smpboot: CPU0: Intel(R) Core(TM) i5-2450M CPU @ 2.50GHz (family: 0x6, model: 0x2a, stepping: 0x7)
[    4.762134] Performance Events: unsupported p6 CPU model 42 no PMU driver, software events only.
[    4.856851] KVM setup paravirtual spinlock
[    4.864625] x86: Booting SMP configuration:
[    4.878100] .... node  #0, CPUs:      #1
[    4.934074] kvm-clock: cpu 1, msr 0:1f3e3041, secondary cpu clock
[    4.996168] mce: CPU supports 0 MCE banks
[    5.015313] x86: Booted up 1 node, 2 CPUs
[    5.029004] smpboot: Total of 2 processors activated (9977.32 BogoMIPS)
[    5.037532] devtmpfs: initialized
[    5.046688] evm: security.selinux
[    5.059634] evm: security.SMACK64
[    5.061198] evm: security.SMACK64EXEC
[    5.069329] evm: security.SMACK64TRANSMUTE
[    5.082388] evm: security.SMACK64MMAP
[    5.094609] evm: security.ima
[    5.101035] evm: security.capability
[    5.102561] clocksource: jiffies: mask: 0xffffffff max_cycles: 0xffffffff, max_idle_ns: 7645041785100000 ns
[    5.112051] futex hash table entries: 512 (order: 3, 32768 bytes)
[    5.117313] pinctrl core: initialized pinctrl subsystem
[    5.127413] RTC time:  3:50:21, date: 02/19/18
[    5.133516] NET: Registered protocol family 16
[    5.155413] cpuidle: using governor ladder
[    5.183483] cpuidle: using governor menu
[    5.196451] PCCT header not found.
[    5.202751] ACPI: bus type PCI registered
[    5.210587] acpiphp: ACPI Hot Plug PCI Controller Driver version: 0.5
[    5.214160] PCI: Using configuration type 1 for base access
[    5.228322] ACPI: Added _OSI(Module Device)
[    5.235744] ACPI: Added _OSI(Processor Device)
[    5.241797] ACPI: Added _OSI(3.0 _SCP Extensions)
[    5.328125] ACPI: Added _OSI(Processor Aggregator Device)
[    5.395854] ACPI: Executed 1 blocks of module-level executable AML code
[    5.430617] ACPI: Interpreter enabled
[    5.432987] ACPI: (supports S0 S5)
[    5.445892] ACPI: Using IOAPIC for interrupt routing
[    5.454037] PCI: Using host bridge windows from ACPI; if necessary, use "pci=nocrs" and report a bug
[    5.469816] ACPI: PCI Root Bridge [PCI0] (domain 0000 [bus 00-ff])
[    5.478093] acpi PNP0A03:00: _OSC: OS supports [ASPM ClockPM Segments MSI]
[    5.492319] acpi PNP0A03:00: _OSC: not requesting OS control; OS requires [ExtendedConfig ASPM ClockPM MSI]
[    5.496786] acpi PNP0A03:00: fail to add MMCONFIG information, can't access extended PCI configuration space under this bridge.
[    5.504696] PCI host bridge to bus 0000:00
[    5.506693] pci_bus 0000:00: root bus resource [io  0x0000-0x0cf7 window]
[    5.509914] pci_bus 0000:00: root bus resource [io  0x0d00-0xffff window]
[    5.527822] pci_bus 0000:00: root bus resource [mem 0x000a0000-0x000bffff window]
[    5.541903] pci_bus 0000:00: root bus resource [mem 0x1f400000-0xfdffffff window]
[    5.549163] pci_bus 0000:00: root bus resource [bus 00-ff]
[    5.552877] pci 0000:00:01.1: legacy IDE quirk: reg 0x10: [io  0x01f0-0x01f7]
[    5.565995] pci 0000:00:01.1: legacy IDE quirk: reg 0x14: [io  0x03f6]
[    5.570801] pci 0000:00:01.1: legacy IDE quirk: reg 0x18: [io  0x0170-0x0177]
[    5.574255] pci 0000:00:01.1: legacy IDE quirk: reg 0x1c: [io  0x0376]
[    5.609627] pci 0000:00:07.0: quirk: [io  0x4000-0x403f] claimed by PIIX4 ACPI
[    5.618270] pci 0000:00:07.0: quirk: [io  0x4100-0x410f] claimed by PIIX4 SMB
[    5.650975] ACPI: PCI Interrupt Link [LNKA] (IRQs 5 9 10 *11)
[    5.655201] ACPI: PCI Interrupt Link [LNKB] (IRQs 5 9 *10 11)
[    5.678652] ACPI: PCI Interrupt Link [LNKC] (IRQs 5 *9 10 11)
[    5.694099] ACPI: PCI Interrupt Link [LNKD] (IRQs 5 9 10 *11)
[    5.708756] ACPI: Enabled 2 GPEs in block 00 to 07
[    5.725301] vgaarb: setting as boot device: PCI:0000:00:02.0
[    5.729140] vgaarb: device added: PCI:0000:00:02.0,decodes=io+mem,owns=io+mem,locks=none
[    5.731680] vgaarb: loaded
[    5.745558] vgaarb: bridge control possible 0000:00:02.0
[    5.758482] SCSI subsystem initialized
[    5.779279] ACPI: bus type USB registered
[    5.806118] usbcore: registered new interface driver usbfs
[    5.821338] usbcore: registered new interface driver hub
[    5.872916] usbcore: registered new device driver usb
[    5.932701] PCI: Using ACPI for IRQ routing
[    5.945119] NetLabel: Initializing
[    5.946227] NetLabel:  domain hash size = 128
[    6.069751] NetLabel:  protocols = UNLABELED CIPSOv4
[    6.223800] NetLabel:  unlabeled traffic allowed by default
[    6.265082] amd_nb: Cannot enumerate AMD northbridges
[    6.276631] clocksource: Switched to clocksource kvm-clock
[    6.512422] AppArmor: AppArmor Filesystem Enabled
[    6.612402] pnp: PnP ACPI init
[    6.622680] pnp: PnP ACPI: found 3 devices
[    6.728573] clocksource: acpi_pm: mask: 0xffffff max_cycles: 0xffffff, max_idle_ns: 2085701024 ns
[    6.763037] NET: Registered protocol family 2
[    6.891223] TCP established hash table entries: 4096 (order: 3, 32768 bytes)
[    6.909187] TCP bind hash table entries: 4096 (order: 4, 65536 bytes)
[    7.064808] TCP: Hash tables configured (established 4096 bind 4096)
[    7.068390] UDP hash table entries: 256 (order: 1, 8192 bytes)
[    7.071210] UDP-Lite hash table entries: 256 (order: 1, 8192 bytes)
[    7.076951] NET: Registered protocol family 1
[    7.082317] pci 0000:00:00.0: Limiting direct PCI/PCI transfers
[    7.089670] pci 0000:00:01.0: Activating ISA DMA hang workarounds
[    7.097560] Unpacking initramfs...
[    9.880493] Freeing initrd memory: 10840K (ffff88001e0d6000 - ffff88001eb6c000)
[   10.052224] RAPL PMU detected, API unit is 2^-32 Joules, 3 fixed counters 10737418240 ms ovfl timer
[   10.095479] hw unit of domain pp0-core 2^-0 Joules
[   10.119407] hw unit of domain package 2^-0 Joules
[   10.237401] hw unit of domain pp1-gpu 2^-0 Joules
[   12555plfo r_cosreisrepltfm TCdece(no PNP device found)

[   11.033781] Scanning for low memory corruption every 60 seconds
[   11.039447] audit: initializing netlink subsys (disabled)
[   11.051454] audit: type=2000 audit(1519012227.591:1): initialized
[   11.145148] Initialise system trusted keyring
[   11.161130] HugeTLB registered 2 MB page size, pre-allocated 0 pages
[   11.172816] zbud: loaded
[   11.179284] VFS: Disk quotas dquot_6.6.0
[  11.201764] VFS: Dquot-cache hash table entries: 512 (order 0, 4096 bytes)
[   11.245729] squashfs: version 4.0 (2009/01/31) Phillip Lougher
[ 11938]ts Rfid SCclckur clibration: 2493.066 MHz

[   11.865568] clocksource: tsc: mask:xfffffffff m_ccles: 0x23efa3b9c65, max_idle_ns: 440795283016 ns
[   11.866141] fuse init (API version 7.23)
[   11.866361] Key type big_key registered
[   11.866383] Allocating IMA MOK and blacklist keyrings.
[   11.866795] Key type asymmetric registered
[   11.866803] Asymmetric key parser 'x509' registered
[   11.866858] Block layer SCSI generic (bsg) driver version 0.4 loaded (major 249)
[   11.866906] io scheduler noop registered
[   11.866909] io scheduler deadline registered (default)
[   11.866955] io scheduler cfq registered
[   11.867109] pci_hotplug: PCI Hot Plug PCI Core version: 0.5
[   11.867118] pciehp: PCI Express Hot Plug Controller Driver version: 0.4
[   11.867291] ACPI: AC Adapter [AC] (on-line)
[   11.867368] input: Power Button as /devices/LNXSYSTM:00/LNXPWRBN:00/input/input0
[   11.867372] ACPI: Power Button [PWRF]
[   11.867464] input: Sleep Button as /devices/LNXSYSTM:00/LNXSLPBN:00/input/input1
[   11.867466] ACPI: Sleep Button [SLPF]
[   11.867670] GHES: HEST is not enabled!
[   11.867791] Serial: 8250/16550 driver, 32 ports, IRQ sharing enabled
[   12.283637] 00:02: ttyS0 at I/O 0x3f8 (irq = 4, base_baud = 115200) is a 16550A
[   12.294676] Linux agpgart interface v0.103
[   12.330616] loop: module loaded
[   12.331187] scsi host0: ata_piix
[   12.331250] scsi host1: ata_piix
[   12.331283] ata1: PATA max UDMA/33 cmd 0x1f0 ctl 0x3f6 bmdma 0xd000 irq 14
[   12.331284] ata2: PATA max UDMA/33 cmd 0x170 ctl 0x376 bmdma 0xd008 irq 15
[   12.331399] libphy: Fixed MDIO Bus: probed
[   12.331403] tun: Universal TUN/TAP device driver, 1.6
[   12.331404] tun: (C) 1999-2004 Max Krasnyansky <maxk@qualcomm.com>
[   12.331477] PPP generic driver version 2.4.2
[   12.331561] ehci_hcd: USB 2.0 'Enhanced' Host Controller (EHCI) Driver
[   12.331569] ehci-pci: EHCI PCI platform driver
[   12.331597] ehci-platform: EHCI generic platform driver
[   12.331611] ohci_hcd: USB 1.1 'Open' Host Controller (OHCI) Driver
[   12.331617] ohci-pci: OHCI PCI platform driver
[   12.331632] ohci-platform: OHCI generic platform driver
[   12.331645] uhci_hcd: USB Universal Host Controller Interface driver
[   12.331749] i8042: PNP: PS/2 Controller [PNP0303:PS2K,PNP0f03:PS2M] at 0x60,0x64 irq 1,12
[   12.333276] ACPI: Battery Slot [BAT0] (battery present)
[   12.350079] serio: i8042 KBD port at 0x60,0x64 irq 1
[   12.350087] serio: i8042 AUX port at 0x60,0x64 irq 12
[   12.350247] mousedev: PS/2 mouse device common for all mice
[   12.350605] rtc_cmos rtc_cmos: rtc core: registered rtc_cmos as rtc0
[   12.350664] rtc_cmos rtc_cmos: alarms up to one day, 114 bytes nvram
[   12.350673] i2c /dev entries driver
[   12.350745] device-mapper: uevent: version 1.0.3
[   12.350807] device-mapper: ioctl: 4.34.0-ioctl (2015-10-28) initialised: dm-devel@redhat.com
[   12.350827] ledtrig-cpu: registered to indicate activity on CPUs
[   12.351128] NET: Registered protocol family 10
[   12.351291] NET: Registered protocol family 17
[   12.351300] Key type dns_resolver registered
[   12.445404] microcode: CPU0 sig=0x206a7, pf=0x10, revision=0x0
[   12.445565] microcode: CPU1 sig=0x206a7, pf=0x10, revision=0x0
[   12.445647] microcode: Microcode Update Driver: v2.01 <tigran@aivazian.fsnet.co.uk>, Peter Oruba
[   12.445859] registered taskstats version 1
[   12.445878] Loading compiled-in X.509 certificates
[   12.447181] Loaded X.509 cert 'Build time autogenerated kernel key: 420a71e958a947963108b13c1c2e45412a03ca90'
[   12.447234] zswap: loaded using pool lzo/zbud
[   12.451433] Key type trusted registered
[   12.454430] Key type encrypted registered
[   12.454439] AppArmor: AppArmor sha1 policy hashing enabled
[   12.454442] ima: No TPM chip found, activating TPM-bypass!
[   12.454466] evm: HMAC attrs: 0x1
[   12.454770]   Magic number: 6:505:816
[   12.619079] rtc_cmos rtc_cmos: setting system clock to 2018-02-19 03:50:29 UTC (1519012229)
[   12.619285] BIOS EDD facility v0.16 2004-Jun-25, 0 devices found
[   12.619285] EDD information not available.
[   12.724471] input: AT Translated Set 2 keyboard as /devices/platform/i8042/serio0/input/input2
[   13.878011] Freeing unused kernel memory: 1488K (ffffffff81f45000 - ffffffff820b9000)
[   13.937861] Write protecting the kernel read-only data: 14336k
[   14.042515] Freeing unused kernel memory: 1752K (ffff88000184a000 - ffff880001a00000)
[   14.153626] Freeing unused kernel memory: 112K (ffff880001de4000 - ffff880001e00000)
Loading, please wait...
starting version[   14.508038] random: systemd-udevd: uninitialized urandom read (16 bytes read, 4 bits of entropy available)
 229
[   14.509113] random: udevadm: uninitialized urandom read (16 bytes read, 4 bits of entropy available)
[   14.509180] random: udevadm: uninitialized urandom read (16 bytes read, 4 bits of entropy available)
[   14.509442] random: udevadm: uninitialized urandom read (16 bytes read, 4 bits of entropy available)
[   14.509539] random: udevadm: uninitialized urandom read (16 bytes read, 4 bits of entropy available)
[   14.509624] random: udevadm: uninitialized urandom read (16 bytes read, 4 bits of entropy available)
[   14.509703] random: udevadm: uninitialized urandom read (16 bytes read, 4 bits of entropy available)
[   14.509785] random: udevadm: uninitialized urandom read (16 bytes read, 4 bits of entropy available)
[   14.509874] random: udevadm: uninitialized urandom read (16 bytes read, 4 bits of entropy available)
[   14.510005] random: udevadm: uninitialized urandom read (16 bytes read, 4 bits of entropy available)
[   15.441027] e1000: Intel(R) PRO/1000 Network Driver - version 7.3.21-k8-NAPI
[   15.521578] e1000: Copyright (c) 1999-2006 Intel Corporation.
[   15.600930] Fusion MPT base driver 3.04.20
[   15.621919] Copyright (c) 1999-2008 LSI Corporation
[   15.672544] Fusion MPT SPI Host driver 3.04.20
[   15.704420] AVX version of gcm_enc/dec engaged.
[   15.717242] AES CTR mode by8 optimization enabled
[   15.860951] input: ImExPS/2 Generic Explorer Mouse as /devices/platform/i8042/serio1/input/input4
[   16.037916] e1000 0000:00:03.0 eth0: (PCI:33MHz:32-bit) 02:c0:e2:3c:71:11
[   16.151523] e1000 0000:00:03.0 eth0: Intel(R) PRO/1000 Network Connection
[   16.666508] e1000 0000:00:08.0 eth1: (PCI:33MHz:32-bit) 08:00:27:42:a9:57
[   16.682514] e1000 0000:00:08.0 eth1: Intel(R) PRO/1000 Network Connection
[   16.902386] mptbase: ioc0: Initiating bringup
[   16.902654] e1000 0000:00:08.0 enp0s8: renamed from eth1
[   16.962657] e1000 0000:00:03.0 enp0s3: renamed from eth0
[   17.041050] ioc0: LSI53C1030 A0: Capabilities={Initiator}
[   17.589498] scsi host2: ioc0: LSI53C1030 A0, FwRev=00000000h, Ports=1, MaxQ=256, IRQ=20
[   18.271325] scsi 2:0:0:0: Direct-Access     VBOX     HARDDISK         1.0  PQ: 0 ANSI: 5
[   18.290364] scsi target2:0:0: Beginning Domain Validation
[   18.295402] scsi target2:0:0: Domain Validation skipping write tests
[   18.668945] scsi target2:0:0: Ending Domain Validation
[   18.693540] floppy0: no floppy controllers found
[   18.726592] scsi target2:0:0: asynchronous
[   18.835615] scsi 2:0:1:0: Direct-Access     VBOX     HARDDISK         1.0  PQ: 0 ANSI: 5
[   18.972238] scsi target2:0:1: Beginning Domain Validation
[   18.974700] scsi target2:0:1: Domain Validation skipping write tests
[   19.141066] scsi target2:0:1: Ending Domain Validation
[   19.269806] scsi target2:0:1: asynchronous
[   19.303747] sd 2:0:0:0: Attached scsi generic sg0 type 0
[   19.491230] sd 2:0:0:0: [sda] 20971520 512-byte logical blocks: (10.7 GB/10.0 GiB)
[   19.543077] sd 2:0:1:0: [sdb] 20480 512-byte logical blocks: (10.5 MB/10.0 MiB)
[   19.551071] sd 2:0:0:0: [sda] Write Protect is off
[   19.551489] sd 2:0:0:0: [sda] Incomplete mode parameter data
[   19.551492] sd 2:0:0:0: [sda] Assuming drive cache: write through
[   19.573709]  sda: sda1
[   19.574518] sd 2:0:0:0: [sda] Attached SCSI disk
[   19.613593] sd 2:0:1:0: Attached scsi generic sg1 type 0
[   19.702504] sd 2:0:1:0: [sdb] Write Protect is off
[   19.831807] sd 2:0:1:0: [sdb] Incomplete mode parameter data
[   19.991329] sd 2:0:1:0: [sdb] Assuming drive cache: write through
[   20.373179] sd 2:0:1:0: [sdb] Attached SCSI disk
Begin: Loading e[   21.876125] md: linear personality registered for level -1
ssential drivers[   21.946160] md: multipath personality registered for level -4
 ... [   22.045010] md: raid0 personality registered for level 0
[   22.115248] md: raid1 personality registered for level 1
[   22.204676] raid6: sse2x1   gen()  5149 MB/s
[   22.276733] raid6: sse2x1   xor()  3142 MB/s
[   22.352695] raid6: sse2x2   gen()  6824 MB/s
[   22.426152] raid6: sse2x2   xor()  5865 MB/s
[   22.500640] raid6: sse2x4   gen()  9638 MB/s
[   22.584678] raid6: sse2x4   xor()  6452 MB/s
[   22.605599] raid6: using algorithm sse2x4 gen() 9638 MB/s
[   22.622867] raid6: .... xor() 6452 MB/s, rmw enabled
[   22.634714] raid6: using ssse3x2 recovery algorithm
[   22.637834] xor: automatically using best checksumming function:
[   22.720513]    avx       : 40173.000 MB/sec
[   22.843760] async_tx: api initialized (async)
[   22.911161] md: raid6 personality registered for level 6
[   22.932226] md: raid5 personality registered for level 5
[   23.051462] md: raid4 personality registered for level 4
[   23.221007] md: raid10 personality registered for level 10
done.
Begin: Running /scripts/init-premount ... done.
Begin: Mountin[   23.334556] Btrfs loaded
g root file system ... Begin: Running /scripts/local-top ... done.
Begin: Running /scripts/local-premount ... Scanning for Btrfs filesystems
done.
Warning: fsck not present, so skipping root file system
[   23.685050] EXT4-fs (sda1): mounted filesystem with ordered data mode. Opts: (null)
done.
Begin: Running /scripts/local-bottom ... done.
Begin: Running /scripts/init-bottom ... done.
[   24.863051] random: nonblocking pool is initialized
[   25.336735] systemd[1]: systemd 229 running in system mode. (+PAM +AUDIT +SELINUX +IMA +APPARMOR +SMACK +SYSVINIT +UTMP +LIBCRYPTSETUP +GCRYPT +GNUTLS +ACL +XZ -LZ4 +SECCOMP +BLKID +ELFUTILS +KMOD -IDN)
[   25.351860] systemd[1]: Detected virtualization oracle.
[   25.358841] systemd[1]: Detected architecture x86-64.

Welcome to [1mUbuntu 16.04.3 LTS[0m!

[   25.409437] systemd[1]: Set hostname to <ubuntu>.
[   25.463083] systemd[1]: Inialing che D om random generator.

[   25.798800] systemd[1]: Installed transient /etc/machine-id file.
[ 2696326] systemd[1]: Started Trigger resolvconf update for networkd DNS.
[[0;32m  OK  [0m] Started Trigger resolvconf update for networkd DNS.
[  27.12176 systemd[]:rete sceseanSeio Sce
[[0;32m  OK  [0m] Created slice User and Session Slice.
[  2.823] systemd[1]: Listening on Journal Socket (/dev/log).
[[0;32m  OK  [0m] Listening on Journal Socket (/dev/log).
[   28.157083] systemd[1]: Listening on Journal Audit Socket.
[[0;32m  OK  [0m] Listening on Journal Audit Socket.
[   28.184413] systemd1]: Reached target User and Group Name Lookups.
[[0;32m  OK  [0m] Reached target User and Group Name Lookups.
[   2.250] ysem[1: isenngn oualoct.
[[0;32m  OK  [0m] Listening on Journal Socket.
[  2.9083]sytemd[1]: Listening on udev Control Socket.
[[0;32m  OK  [0m] Listening on udev Control Socket.
[  29.120633] systemd[1]: Listening on Syslog Socket.
[[0;32m  OK  [0m] Listening on Syslog Socket.
[ 29265006] systemd[1]: Reached target Swap.

[[0;32m  OK  [0m] Reached target Swap.
[   29.405048] systemd[1]: Listening on LVM2 poll daemon socket.
[[0;32m  OK  [0m] Listening on LVM2 poll daemon socket.
[   29.506184] systemd[1]: Listening on LVM2 metadata daemon socket.
[[0;32m  OK  [0m] Listening on LVM2 metadata daemon socket.
[   29.589062] systemd[1]: Started Forward Password Requests to Wall Directory Watch.
[[0;32m  OK  [0m] Started Forward Password Requests to Wall Directory Watch.
[   29.784986] systemd[1]: Reached target Encrypted Volumes.
[[0;32m  OK  [0m] Reached target Encrypted Volumes.
[   29.980933] systemd[1]: Listening on udev Kernel Socket.
[[0;32m  OK  [0m] Listening on udev Kernel Socket.
[   30.015572] systemd[1]: Listening on /dev/initctl Compatibility Named Pipe.
[[0;32m  OK  [0m] Listening on /dev/initctl Compatibility Named Pipe.
[   30.053957] systemd[1]: Created slice System Slice.
[[0;32m  OK  [0m] Created slice System Slice.
[   30.132971] systemd[1]: Starting Journal Service...
         Starting Journal Service...
[   30.196787] systemd[1]: Mounting Debug File System...
         Mounting Debug File System...
[   30.318092] systemd[1]: Starting Nameserver information manager...
         Starting Nameserver information manager...
[   30.436883] systemd[1]: Mounting Huge Pages File System...
         Mounting Huge Pages File System...
[   30.564911] systemd[1]: Starting Remount Root and KernellFile Systems...
[   30.577635] EXT4-fs (sda1): re-mounted. Opts: (null)
         Starting Remount Root and Kernel File Systems...
[   30.829057] systemd[1]: Starting Create list of required static device nodes for the current kernel...
         Starting Create list of required st... nodes for the current kernel...
[   31.044988] systemd[1]: Mounting POSIX Message Queue File System...
         Mounting POSIX Message Queue File System...
[   31.158345] systemd[1]: Created slice system-serial\x2dgetty.slice.
[[0;32m  OK  [0m] Created slice system-serial\x2dgetty.slice.
[   31.337151] systemd[1]: Starting Set console keymap...
         Starting Set console keymap...
[   31.420946] systemd[1]: Starting Load Kernel Modules...
         Starting Load Kernel Modules...
[   31.437057] systemd[1]: Reached target Slices.
[[0;32m  OK  [0m] Reached target Slices.
[   31.525049] systemd[1]: Starting Uncomplicated firewall...
         Starting Uncomplicated firewall...
[   31.554132] systemd[1]: Set up automount Arbitrary Executable File Formats File System Automount Point.
[[0;32m  OK  [0[   31.570091] Loading iSCSI transport class v2.0-870.
m] Set up automount Arbitrary Executab...ats File System Automount Point.
[   31.739831] iscsi: registered transport (tcp)
[   31.754155] systemd[1]: Listening on Device-mapper event daemon FIFOs.
[[0;32m  OK  [0m] Listening on Device-mapper event daemon FIFOs.
[   31.909288] systemd[1]: Starting Monitoring of LVM2 mirrors, snapshots etc. using dmeventd or progress polling...
         Starting Monitoring of LVM2 mirrors... dmeventd or progress polling...
[   32.006233] systemd[1]: Mounted POSIX Message Queue File System.
[[0;32m  OK  [0m] Mounted POSI[   32.063618] iscsi: registered transport (iser)
X Message Queue File System.
[   32.108352] systemd[1]: Mounted Huge Pages File System.
[[0;32m  OK  [0m] Mounted Huge Pages File System.
[   32.142167] systemd[1]: Mounted Debug File System.
[[0;32m  OK  [0m] Mounted Debug File System.
[   32.233390] systemd[1]: Started Journal Service.
[[0;32m  OK  [0m] Started Journal Service.
[[0;32m  OK  [0m] Started Remount Root and Kernel File Systems.
[[0;32m  OK  [0m] Started Create list of required sta...ce nodes for the current kernel.
[[0;32m  OK  [0m] Started Set console keymap.
[[0;32m  OK  [0m] Started Load Kernel Modules.
[[0;32m  OK  [0m] Started Uncomplicated firewall.
[[0;32m  OK  [0m] Started Nameserver information manager.
[[0;32m  OK  [0m] Started LVM2 metadata daemon.
         Starting Apply Kernel Variables...
         Mounting FUSE Control File System...
         Starting Create Static Device Nodes in /dev...
         Starting Load/Save Random Seed...
         Starting Initial cloud-init job (pre-networking)...
         Starting udev Coldplug all Devices...
         Starting Flush Journal to Persistent Storage...
[[0;32m  OK  [0m] Mounted FUSE Control File System.
[[0;32m  OK  [0m] Started Apply Kernel Variables.
[[0;32m  OK  [0m] Started Create Static Device Nodes in /dev.
[[0;32m  OK  [0m] Started Load/Save Random Seed.
[[0;32m  OK  [0m] Started udev Coldplug all Devices.
         Starting udev Kernel Device Manager...
[[0;32m  OK  [0m] Started Flush Journal to Persistent Storage.
[[0;32m  OK  [0m] Started Monitoring of LVM2 mirrors,...ng dmeventd or progress polling.
[[0;32m  OK  [0m] Started udev Kernel Device Manager.
[[0;32m  OK  [0m] Reached target Local File Systems (Pre).
[[0;32m  OK  [0m] Reached target Local File Systems.
         Starting Tell Plymouth To Write Out Runtime Data...
         Starting Set console font and keymap...
         Starting Commit a transient machine-id on disk...
         Starting Create Volatile Files and Directories...
         Starting LSB: AppArmor initialization...
[[0;32m  OK  [0m] Started Dispatch Password Requests to Console Directory Watch.
[[0;32m  OK  [0m] Started Tell Plymouth To Write Out Runtime Data.
[[0;32m  OK  [0m] Started Commit a transient machine-id on disk.
[[0;32m  OK  [0m] Started Create Volatile Files and Directories.
[[0;32m  OK  [0m] Found device /dev/ttyS0.
[[0;32m  OK  [0m] Reached target System Time Synchronized.
         Starting Update UTMP about System Boot/Shutdown...
[[0;32m  OK  [0m] Started Update UTMP about System Boot/Shutdown.
[[0;32m  OK  [0m] Listening on Load/Save RF Kill Switch Status /dev/rfkill Watch.
[[0;32m  OK  [0m] Started LSB: AppArmor initialization.
[[0;32m  OK  [0m] Started Set console font and keymap.
[[0;32m  OK  [0m] Created slice system-getty.slice.
[   35.265315] cloud-init[440]: Cloud-init v. 0.7.9 running 'init-local' at Mon, 19 Feb 2018 03:50:56 +0000. Up 34.59 seconds.
[[0;32m  OK  [0m] Started Initial cloud-init job (pre-networking).
[[0;32m  OK  [0m] Reached target Network (Pre).
         Starting Raise network interfaces...
[[0;32m  OK  [0m] Started Raise network interfaces.
         Starting Initial cloud-init job (metadata service crawler)...
[[0;32m  OK  [0m] Reached target Network.
[   38.665756] cloud-init[944]: Cloud-init v. 0.7.9 running 'init' at Mon, 19 Feb 2018 03:50:58 +0000. Up 36.48 seconds.
[   38.836556] [cloud-init[0;32m  OK  [0m[944]: ] ci-info: ++++++++++++++++++++++++++++++++++++++Net device info++++++++++++++++++++++++++++++++++++++Started Initial cloud-init job (metadata service crawler).

[[0;32m  OK  [0m] Reached target Cloud-config availability.
[   38.837054] [cloud-init[0;32m  OK  [0m[944]: ] ci-info: +--------+-------+----------------------------+---------------+-------+-------------------+Reached target System Initialization.

[   39.074671] [[0;32m  OK  [0m] Listening on D-Bus System Message Bus Socket.
[[0;32m  OK  [0m] Started Daily Cleanup of Temporary Directories.
cloud-init[944]: ci-info: | Device |   Up  |          Address           |      Mask     | Scope |     Hw-Address    |
[   39.262772] cloud-init[944]: ci-info: +--------+-------+----------------------------+---------------+-------+-------------------+
[   39.376473] [cloud-init[0;32m  OK  [0m[944]: ] ci-info: | enp0s8 | False |             .              |       .       |   .   | 08:00:27:42:a9:57 |Started ACPI Events Check.

[   39.519704] [cloud-init[0;32m  OK  [0m[944]: ] ci-info: |   lo   |  True |         127.0.0.1          |   255.0.0.0   |   .   |         .         |Reached target Paths.

[   39.520094] cloud-init[944]: ci-info: |   lo   |  True |          ::1/128           |       .       |  host |         .         |
[   39.700158] cloud-init[944]: ci-info: | enp0s3 |  True |         10.0.2.15          | 255.255.255.0 |   .   | 02:c0:e2:3c:71:11 |
         Starting LXD - unix socket.
[   39.702997] [cloud-init[0;32m  OK  [0m[944]: ] ci-info: | enp0s3 |  True | fe80::c0:e2ff:fe3c:7111/64 |       .       |  link | 02:c0:e2:3c:71:11 |Started Timer to automatically refresh installed snaps.

[[0;32m  OK  [0m] Listening on ACPID Listen Socket.
         Starting Socket activation for snappy daemon.
[[0;32m  OK  [0m] Listening on UUID daemon activation socket.
[[0;32m  OK  [0m] Reached target Network is Online.
[   39.832435] cloud-init[944]: ci-info: +--------+-------+----------------------------+---------------+-------+-------------------+
[   40.071633] [[0;32m  OK  [0m] Started Daily apt download activities.
cloud-init[944]: ci-info: +++++++++++++++++++++++++++Route IPv4 info++++++++++++++++++++++++++++
[   40.264483] [cloud-init[0;32m  OK  [0m[944]: ] ci-info: +-------+-------------+----------+---------------+-----------+-------+Started Daily apt upgrade and clean activities.

[   40.350084] [cloud-init[0;32m  OK  [0m[944]: ] ci-info: | Route | Destination | Gateway  |    Genmask    | Interface | Flags |Reached target Timers.

[   40.405450] cloud-init[944]: ci-info: +-------+-------------+----------+---------------+-----------+-------+
[   40.492422]          cloud-initStarting iSCSI initiator daemon (iscsid)...[944]: 
ci-info: |   0   |   0.0.0.0   | 10.0.2.2 |    0.0.0.0    |   enp0s3  |   UG  |
[   40.552301] [cloud-init[0;32m  OK  [0m[944]: ] ci-info: |   1   |   10.0.2.0  | 0.0.0.0  | 255.255.255.0 |   enp0s3  |   U   |Listening on LXD - unix socket.

[   40.664404] [cloud-init[0;32m  OK  [0m[944]: ] ci-info: +-------+-------------+----------+---------------+-----------+-------+Listening on Socket activation for snappy daemon.

[[0;32m  OK  [0m] Reached target Sockets.
[   40.700003] cloud-init[944]: Generating public/private rsa key pair.
[   40.756428] [cloud-init[0;32m  OK  [0m[944]: ] Your identification has been saved in /etc/ssh/ssh_host_rsa_key.Reached target Basic System.

[   40.803915] cloud-init[944]: Your public key has been saved in /etc/ssh/ssh_host_rsa_key.pub.
         Starting System Logging Service...
[   40.804618] cloud-init[944]: The key fingerprint is:
[   40.867757] cloud-init[944]: SHA256:EE94+X3Pa2TpcTTBYxnOQCLltqj5VSBSO+Yg9txSKzE root@ubuntu-xenial
[   40.886757] [cloud-init[0;32m  OK  [0m[944]: ] The key's randomart image is:Started Deferred execution scheduler.

[   40.887212] cloud-init[944]: +---[RSA 2048]----+
[   41.009148] cloud-init[944]: |      ...+.o.o..o|
[   41.040119]          cloud-initStarting LSB: MD monitoring daemon...[944]: 
|      .++ + . +* |
         Starting /etc/rc.local Compatibility...
[   41.089894] cloud-init[944]: |     o.E.B =  .oo|
[   41.123951] cloud-init[944]: |    . +.X B + ...|
[   41.154451] [cloud-init[0;32m  OK  [0m[944]: ] |       =S= . o +o|Started D-Bus System Message Bus.

[   41.225261] cloud-init[944]: |        =   .  =+
[   41.409238] cloud-init[944]: |       o   .  + +|
[   41.413066] cloud-init[944]: |        . .    + |
[   41.413240] cloud-init[944]: |         .    .  |
[[0;32m  OK  [0m] Started Snappy daemon.
[   41.415429] cloud-init[944]: +----[SHA256]-----+
[   41.607676]          cloud-initStarting Auto import assertions from block devices...[944]: 
Generating public/private dsa key pair.
[   41.766549] [[0;32m  OK  [0m] Started FUSE filesystem for LXC.
cloud-init[944]: Your identification has been saved in /etc/ssh/ssh_host_dsa_key.
[   41.852676] cloud-init[944]: Your public key has been saved in /etc/ssh/ssh_host_dsa_key.pub.
[   41.858771] cloud-init[944]: The key fingerprint is:
         Starting Accounts Service...
[   41.859807] cloud-init[944]: SHA256:oT005BUhxuKsSE7J6BlSuNaOgohJlZ61KZcyzXwviV8 root@ubuntu-xenial
[   41.897078] cloud-init[944]: The key's randomart image is:
[   41.944554]          cloud-initStarting Pollinate to seed the pseudo random number generator...[944]: 
+---[DSA 1024]----+
[   42.004868] [cloud-init[0;32m  OK  [0m[944]: ] | .  .  .+ +o     |Started Regular background program processing daemon.

[   42.005322] cloud-init[944]: |. .o ..+.o       |
[   42.033817] cloud-init[944]: | =+.*o+.=        |
[   42.036894] cloud-init[944]: |++=B Oo= o       |
[   42.044644] cloud-init[944]: |O==.=.+ S        |
[   42.051185] cloud-init[944]: |*+o... o E       |
[   42.053645] cloud-init[944]: |.     . o        |
[   42.087322] cloud-init[944]: |       .         |
[   42.087895] cloud-init[944]: |                 |
[   42.088059] cloud-init[944]: +----[SHA256]-----+
[   42.088163] cloud-init[944]: Generating public/private ecdsa key pair.
[[0;32m  OK  [0m] Started ACPI event daemon.
[   42.088628] cloud-init[944]: Your identification has been saved in /etc/ssh/ssh_host_ecdsa_key.
[   42.348909]          cloud-initStarting LSB: Record successful boot for GRUB...[944]: 
Your public key has been saved in /etc/ssh/ssh_host_ecdsa_key.pub.
[   42.371890]          cloud-initStarting Apply the settings specified in cloud-config...[944]: 
The key fingerprint is:
[   42.372477] cloud-init[944]: SHA256:XR9SdbbaQEH4Udu/0kJ/vQLtu3Tp0EGm5difpaorF1o root@ubuntu-xenial
[   42.624720]          cloud-initStarting LXD - container startup/shutdown...[944]: 
The key's randomart image is:
[   42.625252] [[0;32m  OK  [0m] Started Unattended Upgrades Shutdown.
cloud-init[944]: +---[ECDSA 256]---+
[   42.825491]          cloud-initStarting Login Service...[944]: 
|            o++o+|
[[0;32m  OK  [0m] Started System Logging Service.
[[0;32m  OK  [0m] Started iSCSI initiator daemon (iscsid).
[[0;32m  OK  [0m] Started /etc/rc.local Compatibility.
[   42.999313] cloud-init[944]: |           ..o .=|
[[0;32m  OK  [0m] Started Auto import assertions from block devices.
[   43.181370] cloud-init[944]: |            +.o*.|
[   43.366610] cloud-init[944]: |         . . +%..|
[   43.396011] cloud-init[944]: |        S . .=.=o|
         Starting Login to default iSCSI targets...
[   43.415163] cloud-init[944]: |          E...+.O|
[   43.455015] [cloud-init[0;32m  OK  [0m[944]: ] |         o .o=.O+|Started Login Service.

[   43.455461] cloud-init[944]: |        o . .+* o|
[   43.520701] cloud-init[944]: |         ooo.o+o |
[   43.530860] cloud-init[944]: +----[SHA256]-----+
[   43.540828] cloud-init[944]: Generating public/private ed25519 key pair.
[   43.601946] cloud-init[944]: Your identification has been saved in /etc/ssh/ssh_host_ed25519_key.
[   43.608826] cloud-init[944]: Your public key has been saved in /etc/ssh/ssh_host_ed25519_key.pub.
[   43.614897] cloud-init[944]: The key fingerprint is:
[   43.629677] cloud-init[944]: SHA256:f/t+wDxrNb03xsljo4h82/jJ0LxL2fOV25kE9XG+qTA root@ubuntu-xenial
[   43.703697] cloud-init[944]: The key's randomart image is:
[   43.720792] cloud-init[944]: +--[ED25519 256]--+
[   43.733791] cloud-init[944]: |                 |
[   43.768808] cloud-init[944]: |                 |
[   43.769168] cloud-init[944]: |               o.|
[   43.769390] cloud-init[944]: |              ..+|
[   43.769502] cloud-init[944]: |        S    +  +|
[   43.769676] cloud-init[944]: |         .  o O.*|
[   43.769764] cloud-init[944]: |          .E.=o%=|
[   43.769863] cloud-init[944]: |        . .oX.B@@|
[   43.769959] cloud-init[944]: |         o.++&B=B|
[   43.770047] cloud-init[944]: +----[SHA256]-----+
[[0;32m  OK  [0m] Started LSB: Record successful boot for GRUB.
         Starting Authenticate and Authorize Users to Run Privileged Tasks...
[[0;32m  OK  [0m] Started Login to default iSCSI targets.
[[0;32m  OK  [0m] Reached target Remote File Systems (Pre).
[[0;32m  OK  [0m] Reached target Remote File Systems.
         Starting LSB: automatic crash report generation...
         Starting LSB: Set the CPU Frequency Scaling governor to "ondemand"...
[   44.269638] cloud-init[1090]: Generating locales (this might take a while)...
         Starting Permit User Sessions...
         Starting LSB: VirtualBox Linux Additions...
         Starting LSB: daemon to balance interrupts for SMP systems...
[[0;32m  OK  [0m] Started LSB: MD monitoring daemon.
[[0;32m  OK  [0m] Started Permit User Sessions.
[[0;32m  OK  [0m] Started LSB: Set the CPU Frequency Scaling governor to "ondemand".
         Starting Hold until boot process finishes up...
         Starting Terminate Plymouth Boot Screen...
[[0;32m  OK  [0m] Started LSB: daemon to balance interrupts for SMP systems.
[[0;32m  OK  [0m] Started LSB: automatic crash report generation.
[[0;32m  OK  [0m] Started Hold until boot process finishes up.
[[0;32m  OK  [0m] Started Terminate Plymouth Boot Screen.
[[0;32m  OK  [0m] Started Authenticate and Authorize Users to Run Privileged Tasks.
[[0;32m  OK  [0m] Started Accounts Service.
[[0;32m  OK  [0m] Started Getty on tty1.
[[0;32m  OK  [0m] Started Serial Getty on ttyS0.
[[0;32m  OK  [0m] Reached target Login Prompts.
         Starting Set console scheme...
[[0;32m  OK  [0m] Started LSB: VirtualBox Linux Additions.
[[0;32m  OK  [0m] Started Set console scheme.
[[0;32m  OK  [0m] Started LXD - container startup/shutdown.
[[0;32m  OK  [0m] Started Pollinate to seed the pseudo random number generator.
[   46.754266] cloud-init[1090]:   en_US.UTF-8... done
[   46.812829] cloud-init[1090]: Generation complete.
         Starting OpenBSD Secure Shell server...
[[0;32m  OK  [0m] Started OpenBSD Secure Shell server.
[[0;32m  OK  [0m] Reached target Multi-User System.
[[0;32m  OK  [0m] Reached target Graphical Interface.
         Starting Update UTMP about System Runlevel Changes...
[[0;32m  OK  [0m] Started Update UTMP about System Runlevel Changes.
         Stopping OpenBSD Secure Shell server...
[[0;32m  OK  [0m] Stopped OpenBSD Secure Shell server.
         Starting OpenBSD Secure Shell server...
[[0;32m  OK  [0m] Started OpenBSD Secure Shell server.
[[0;32m  OK  [0m] Created slice User Slice of ubuntu.
         Starting User Manager for UID 1000...
[[0;32m  OK  [0m] Started Session 1 of user ubuntu.
[[0;32m  OK  [0m] Started User Manager for UID 1000.
[   49.056863] cloud-init[1090]: Cloud-init v. 0.7.9 running 'modules:config' at Mon, 19 Feb 2018 03:51:05 +0000. Up 43.16 seconds.
[[0;32m  OK  [0m] Started Apply the settings specified in cloud-config.
         Starting Execute cloud user/final scripts...
ci-info: no authorized ssh keys fingerprints found for user ubuntu.
<14>Feb 19 03:51:12 ec2: 
<14>Feb 19 03:51:12 ec2: #############################################################
<14>Feb 19 03:51:12 ec2: -----BEGIN SSH HOST KEY FINGERPRINTS-----
<14>Feb 19 03:51:12 ec2: 1024 SHA256:oT005BUhxuKsSE7J6BlSuNaOgohJlZ61KZcyzXwviV8 root@ubuntu-xenial (DSA)
<14>Feb 19 03:51:12 ec2: 256 SHA256:XR9SdbbaQEH4Udu/0kJ/vQLtu3Tp0EGm5difpaorF1o root@ubuntu-xenial (ECDSA)
<14>Feb 19 03:51:12 ec2: 256 SHA256:f/t+wDxrNb03xsljo4h82/jJ0LxL2fOV25kE9XG+qTA root@ubuntu-xenial (ED25519)
<14>Feb 19 03:51:12 ec2: 2048 SHA256:EE94+X3Pa2TpcTTBYxnOQCLltqj5VSBSO+Yg9txSKzE root@ubuntu-xenial (RSA)
<14>Feb 19 03:51:12 ec2: -----END SSH HOST KEY FINGERPRINTS-----
<14>Feb 19 03:51:12 ec2: #############################################################
-----BEGIN SSH HOST KEY KEYS-----
ecdsa-sha2-nistp256 AAAAE2VjZHNhLXNoYTItbmlzdHAyNTYAAAAIbmlzdHAyNTYAAABBBLJF5NT0TWwcgWK3AWJX8/jKZo7RVYZyv0I1JKEtRUADVEtxVafc82l0lLLItG9W9qTtl+z37lVTHoTVvzi44iQ= root@ubuntu-xenial
ssh-ed25519 AAAAC3NzaC1lZDI1NTE5AAAAINj3Mp/h10Wpw9mS0WS+Hz3fl48mMal8dV1copBnNkNh root@ubuntu-xenial
ssh-rsa AAAAB3NzaC1yc2EAAAADAQABAAABAQDj2KGcUnsKXHR+MFQlGR2lFOiFzR0mKHaPyesMFoD/LBptzrpcqkcyO/QY8L7SalIPSYzQbFXMYrgbWsxRFO6k4p1DFQyMafaSDP6NqSsh5UEYjqbAipZThjzVUVPF66RDTm8D0XopJinUxG5HA4/O0dGeoynqCR7TUVnyWzuAJECeLZhwC/62mEDZ4Ho6ZqJWE4Z1U6Li/3CYNJEaXiivo4qJll0Qc/+2W4Vzo8ORzaLhyl90j6q9XdqkAPUOhK7OUFzXThUTHQXP/lXYqy+SSt3KXxVsKTeIVw1+311iNa+xOhtb++DPMoILrMgZj3N1rhxtb7h0H+KGQ5dtGczD root@ubuntu-xenial
-----END SSH HOST KEY KEYS-----
[   50.753142] c
Ubuntu 16.04.3 LTS ubuntu-xenial ttyS0

ubuntu-xenial login: 