[    0.000000] Initializing cgroup subsys cpuset
[    0.000000] Initializing cgroup subsys cpu
[    0.000000] Initializing cgroup subsys cpuacct
[    0.000000] Linux version 4.4.0-89-generic (buildd@lgw01-18) (gcc version 5.4.0 20160609 (Ubuntu 5.4.0-6ubuntu1~16.04.4) ) #112-Ubuntu SMP Mon Jul 31 19:38:41 UTC 2017 (Ubuntu 4.4.0-89.112-generic 4.4.76)
[    0.000000] Command line: BOOT_IMAGE=/boot/vmlinuz-4.4.0-89-generic root=LABEL=cloudimg-rootfs ro console=tty1 console=ttyS0
[    0.000000] KERNEL supported cpus:
[    0.000000]   Intel GenuineIntel
[    0.000000]   AMD AuthenticAMD
[    0.000000]   Centaur CentaurHauls
[    0.000000] x86/fpu: xstate_offset[2]:  576, xstate_sizes[2]:  256
[    0.000000] x86/fpu: Supporting XSAVE feature 0x01: 'x87 floating point registers'
[    0.000000] x86/fpu: Supporting XSAVE feature 0x02: 'SSE registers'
[    0.000000] x86/fpu: Supporting XSAVE feature 0x04: 'AVX registers'
[    0.000000] x86/fpu: Enabled xstate featus x7, context size is 832 bytes, using 'standard' format.
[    0.000000] x86/fpu: Using 'lazy' FPU context switches.
[    0.000000] e820: BIOS-provided physical RAM map:
[    0.000000] BIOS-e820: [mem 0x0000000000000000-0x000000000009fbff] usable
[    0.000000] BIOS-e820: [mem 0x000000000009fc00-0x000000000009ffff] reserved
[    0.000000] BIOS-e820: [mem 0x00000000000f0000-0x00000000000fffff] reserved
[    0.000000] BIOS-e820: [mem 0x0000000000100000-0x000000001f3effff] usable
[    0.000000] BIOS-e820: [mem 0x000000001f3f0000-0x000000001f3fffff] ACPI data
[    0.000000] BIOS-e820: [mem 0x00000000fec00000-0x00000000fec00fff] reserved
[    0.000000] BIOS-e820: [mem 0x00000000fee00000-0x00000000fee00fff] reserved
[    0.000000] BIOS-e820: [mem 0x00000000fffc0000-0x00000000ffffffff] reserved
[    0.000000] NX (Execute Dabe) protection: active
[    0.000000] SMBIOS 2.5 present.
[    0.000000] Hypervisor detected: KVM
[    0.000000] e820: last_pfn = 0x1f3f0 max_arch_pfn = 0x400000000
[    0.000000] MTRR: Disabled
[    0.000000] x86/PAT: MTRRs disabled, skipping PAT initialization too.
[    0.000000] x86/PAT: Configuration [0-7]: WB  WT  UC- UC  WB  WT  UC- UC  
[    0.000000] CPU MTRRs all blank - virtualized system.
[    0.000000] found SMP MP-table at [mem 0x0009fff0-0x0009ffff] maedat [ffff88000009fff0]
[    0.000000] Scanning 1 areas for low memory corruption
[    0.000000] RAMDISK: [mem 0x1e0d6000-0x1eb6bfff]
[    0.000000] ACPI: Early table checksum verification disabled
[    0.000000] ACPI: RSDP 0x00000000000E0000 000024 (v02 VBOX  )
[    0.000000] ACPI: XSDT 0x0000000013F030 00003C (v01 VBOX   VBOXXSDT 00000001 ASL  00000061)
[    0.000000] ACPI: FACP 0x000000001F3F00F 0000F4 (v04 VBOX   VBOXFACP 00000001 ASL  00000061)
[    0.000000] ACPI: DSDT 0x000000001F3F0470 0021FF (v02 VBOX   VBOXBIOS 00000002 INTL 20160108)
[    0.000000] ACPI: FACS 0x000000001F3F0200 000040
[    0.000000] ACPI: FACS 0x000000001F3F0200 000040
[    0.000000] ACPI: APIC 0x000000001F3F0240 00005C (v02 VBOX   VBOXAPIC 00000001 ASL  00000061)
[    0.000000] ACPI: SSDT 0x000000001F3F02A0 0001CC (v0 VX   VBOXCPUT 00000002 INTL 20160108)
[    0.000000] No NUMA configuration found
[    0.000000] Faking a node at [mem 0x0000000000000000-0x000000001f3effff]
[    0.000000] NODE_DATA(0) allocated [mem 0x1f3eb000-0x1f3effff]
[    0.000000] kvm-clock: Using msrs 4b564d01 and 4b564d00
[    0.000000] kvm-clock: cpu 0, msr 0:1f3e3001, primary cpu clock
[    0.000000] kvm-clock: using sched offset of 3525331907 cycles
[    0.000000] clocksource: kvm-clock: mask: 0xffffffffffffffff max_cycles: 0x1cd42e4dffb, max_idle_ns: 881590591483 ns
[    0.000000] Zone ranges:
[    0.000000]   DMA      [mem 0x0000000000001000-0x0000000000ffffff]
[    0.000000]   DMA32    [mem 0x0000000001000000-0x000000001f3effff]
[    0.000000]   Normal   empty
[    0.000000]   Device   empty
[    0.000000] Movable zone start for each node
[    0.000000] Early memory node ranges
[    0.000000]   node   0: [mem 0x0000000000001000-0x000000000009efff]
[    0.000000]   node   0: [mem 0x0000000000100000-0x000000001f3effff]
[    0.000000] Initmem setup node 0 [mem 0x0000000000001000-0x000000001f3effff]
[    0.000000] ACPI: PM-Timer IO Port: 0x4008
[    0.000000] IOAPIC[0]: apic_id 2, version 32, address 0xfec00000, GSI 0-23
[    0.000000] ACPI: INT_SRC_OVR (bus 0 bus_irq 0 global_irq 2 dfl dfl)
[    0.000000] ACPI: INT_SRC_OVR (bus 0 bus_irq 9 global_irq 9 low level)
[    0.000000] Using ACPI (MADT) for SMP configuration information
[    0.000000] smpboot: Allowing 2 CPUs, 0 hotplug CPUs
[    0.000000] PM: Registered nosave memory: [mem 0x00000000-0x00000fff]
[    0.000000] PM: Registered nosave memory: [mem 0x0009f000-0x0009ffff]
[    0.000000] PM: Registered nosave memory: [mem 0x000a0000-0x000effff]
[    0.000000] PM: Registered nosave memory: [mem 0x000f0000-0x000fffff]
[    0.000000] e820: [mem 0x1f400000-0xfebfffff] available for PCI devices
[    0.000000] Booting paravirtualized kernel on KVM
[    0.000000] clocksource: refined-jiffies: mask: 0xffffffff max_cycles: 0xffffffff, max_idle_ns: 7645519600211568 ns
[    0.000000] setup_percpu: NR_CPUS:512 nr_cpumask_bits:512 nr_cpu_ids:2 nr_node_ids:1
[    0.000000] PERCPU: Embedded 33 pages/cpu @ffff88001f000000 s98264 r8192 d28712 u1048576
[    0.000000] PV qspinlock hash table entries: 256 (order: 0, 4096 bytes)
[    0.000000] Built 1 zonelists in Node order, mobility grouping on.  Total pages: 125865
[    0.000000] Policy zone: DMA32
[    0.000000] Kernel command line: BOOT_IMAGE=/boot/vmlinuz-4.4.0-89-generic root=LABEL=cloudimg-rootfs ro console=tty1 console=ttyS0
[    0.000000] PID hash table entries: 2048 (order: 2, 16384 bytes)
[    0.000000] Memory: 473368K/511544K available (847K kernel code, 1294K rwdata, 3984K rodata, 1488K init, 1316K bss, 38176K reserved, 0K cma-reserved)
[    0.000000] SLUB: HWalign=64, Order=0-3, MinObjects=0, CPUs=2, Nodes=1
[   .000000] Hierarchical RCU implementation.
[    0.000000] 	Build-time adjustment of leaf fanout to 64.
[    0.000000] 	RCU restricting CPUs from NR_CPUS=512 to nr_cpu_ids=2.
[    0.000000] RCU: Adjusting geometry for rcu_fanout_leaf=64, nr_cpu_ids=2
[    0.000000] NR_IRQS:33024 nr_irqs:440 16
[    0.000000] Console: colour VGA+ 80x25
[    0.000000] console [tty1] enabled
[    0.000000] console [ttyS0] enabled
[    0.000000] tsc: Detected 2494.332 MHz processor
[    3.470180] Calibrating delay loop (skipped) preset value.. 4988.66 BogoMIPS (lpj=9977328)
[    3.472334] pid_max: default: 32768 minimum: 301
[    3.473512] ACPI: Core revision 20150930
[    3.475581] ACPI: 2 ACPI AML tables successfully acquired and loaded
[    3.478536] Security Framework initialized
[    3.479590] Yama: becoming mindful.
[    3.480526] AppArmor: AppArmor initialized
[    3.481628] Dentry cache hash table entries: 65536 (order: 7, 524288 bytes)
[    3.483297] Inode-cache hash table entries: 32768 (order: 6, 262144 bytes)
[    3.486536] Mount-cache hash table entries: 1024 (order: 1, 8192 bytes)
[    3.488083] Mountpoint-cache hash table entries: 1024 (order: 1, 8192 bytes)
[    3.489830] Initializing cgroup subsys io
[    3.490870] Initializing cgroup subsys memory
[    3.491974] Initializing cgroup subsys devices
[    3.493100] Initializing cgroup subsys freezer
[    3.494193] Initializing cgroup subsys net_cls
[    3.495297] Initializing cgroup subsys perf_event
[    3.496436] Initializing cgroup subsys net_prio
[    3.497576] Initializing cgroup subsys hugetlb
[    3.498670] Initializing cgroup subsys pids
[    3.499810] CPU: Physical Processor ID: 0
[    3.500826] CPU: Processor Core ID: 0
[    3.501814] mce: CPU supports 0 MCE banks
[    3.502876] Last level iTLB entries: 4KB 512, 2MB 8, 4MB 8
[    3.504182] Last level dTLB entries: 4KB 512, 2MB 32, 4MB 32, 1GB 0
[    3.507654] Freeing SMP alternatives memory: 32K (ffffffff820b9000 - ffffffff820c1000)
[    3.523600] ftrace: allocating 32131 entries in 126 pages
[    3.575689] smpboot: APIC(0) Converting physical 0 to logical package 0
[    3.692711] smpboot: Max logical packages: 1
[    3.758699] x2apic enabled
[    3.792832] Switched APIC routing to physical x2apic.
[    3.843142] ..TIMER: vector=0x30 apic1=0 pin1=2 apic2=-1 pin2=-1
[    4.021387] smpboot: CPU0: Intel(R) Core(TM) i5-2450M CPU @ 2.50GHz (family: 0x6, model: 0x2a, stepping: 0x7)
[    4.177285] Performance Events: unsupported p6 CPU model 42 no PMU driver, software events only.
[    4.279937] KVM setup paravirtual spinlock
[    4.308524] x86: Booting SMP configuration:
[    4.325837] .... node  #0, CPUs:      #1
[    4.326785] kvm-clock: cpu 1, msr 0:1f3e3041, secondary cpu clock
[    4.327956] mce: CPU supports 0 MCE banks
[    4.331805] x86: Booted up 1 node, 2 CPUs
[    4.441513] smpboot: Total of 2 processors activated (9977.32 BogoMIPS)
[    4.628424] devtmpfs: initialized
[    4.725953] evm: security.selinux
[    4.818694] evm: security.SMACK64
[    4.915003] evm: security.SMACK64EXEC
[    5.021586] evm: security.SMACK64TRANSMUTE
[    5.145432] evm: security.SMACK64MMAP
[    5.248334] evm: security.ima
[    5.329826] evm: security.capability
[    5.366558] clocksource: jiffies: mask: 0xffffffff max_cycles: 0xffffffff, max_idle_ns: 7645041785100000 ns
[    5.370697] futex hash table entries: 512 (order: 3, 32768 bytes)
[    5.373987] pinctrl core: initialized pinctrl subsystem
[    5.382919] RTC time: 15:55:00, date: 05/26/18
[    5.405805] NET: Registered protocol family 16
[    5.417236] cpuidle: using governor ladder
[    5.437468] cpuidle: using governor menu
[    5.443786] PCCT header not found.
[    5.452966] ACPI: bus type PCI registered
[    5.454022] acpiphp: ACPI Hot Plug PCI Controller Driver version: 0.5
[    5.455649] PCI: Using configuration type 1 for base access
[    5.474688] ACPI: Added _OSI(Module Device)
[    5.484683] ACPI: Added _OSI(Processor Device)
[    5.544354] ACPI: Added _OSI(3.0 _SCP Extensions)
[    5.609772] ACPI: Added _OSI(Processor Aggregator Device)
[    5.681040] ACPI: Executed 1 blocks of module-level executable AML code
[    5.747354] ACPI: Interpreter enabled
[    5.785687] ACPI: (supports S0 S5)
[    5.825558] ACPI: Using IOAPIC for interrupt routing
[    5.877009] PCI: Using host bridge windows from ACPI; if necessary, use "pci=nocrs" and report a bug
[    5.957878] ACPI: PCI Root Bridge [PCI0] (domain 0000 [bus 00-ff])
[    6.041838] acpi PNP0A03:00: _OSC: OS supports [ASPM ClockPM Segments MSI]
[    6.124991] acpi PNP0A03:00: _OSC: not requesting OS control; OS requires [ExtendedConfig ASPM ClockPM MSI]
[    6.155201] acpi PNP0A03:00: fail to add MMCONFIG information, can't access extended PCI configuration space under this bridge.
[    6.277602] PCI host bridge to bus 0000:00
[    6.279494] pci_bus 0000:00: root bus resource [io  0x0000-0x0cf7 window]
[    6.352488] pci_bus 0000:00: root bus resource [io  0x0d00-0xffff window]
[    6.421875] pci_bus 0000:00: root bus resource [mem 0x000a0000-0x000bffff window]
[    6.489062] pci_bus 0000:00: root bus resource [mem 0x1f400000-0xfdffffff window]
[    6.528088] pci_bus 0000:00: root bus resource [bus 00-ff]
[    6.590967] pci 0000:00:01.1: legacy IDE quirk: reg 0x10: [io  0x01f0-0x01f7]
[    6.687481] pci 0000:00:01.1: legacy IDE quirk: reg 0x14: [io  0x03f6]
[    6.775271] pci 0000:00:01.1: legaay IDE quirk: reg 0x18: [io  0x0170-0x0177]
[    6.845673] pci 0000:00:01.1: legacy IDE quirk: reg 0x1c: [io  0x0376]
[    6.965103] pci 0000:00:07.0: quirk: [io  0x4000-0x403f] claimed by PIIX4 ACPI
[    7.005710] pci 0000:00:07.0: quirk: [io  0x4100-0x410f] claimed by PIIX4 SMB
[    7.025776] ACPI: PCI Interrupt Link [LNKA] (IRQs 5 9 10 *11)
[    7.064671] ACPI: PCI Interrupt Link [LNKB] (IRQs 5 9 *10 11)
[    7.071061] ACPI: PCI Interrupt Link [LNKC] (IRQs 5 *9 10 11)
[    7.074265] ACPI: PCI Interrupt Link [LNKD] (IRQs 5 9 10 *11)
[    7.076276] ACPI: Enabled 2 GPEs in block 00 to 07
[    7.077945] vgaarb: setting as boot device: PCI:0000:00:02.0
[    7.082473] vgaarb: device added: PCI:0000:00:02.0,decodes=io+mem,owns=io+mem,locks=none
[    7.084540] vgaarb: loaded
[    7.086409] vgaarb: bridge control possible 0000:00:02.0
[    7.098294] SCSI subsystem initialized
[    7.099444] ACPI: bus type USB registered
[    7.133850] usbcore: registered new interface driver usbfs
[    7.158843] usbcore: registered new interface driver hub
[    7.165537] usbcore: registered new device driver usb
[    7.167099] PCI: Using ACPI for IRQ routing
[    7.174779] NetLabel: Initializing
[    7.175718] NetLabel:  domain hash size = 128
[    7.176822] NetLabel:  protocols = UNLABELED CIPSOv4
[    7.182730] NetLabel:  unlabeled traffic allowed by default
[    7.184226] amd_nb: Cannot enumerate AMD northbridges
[    7.194715] clocksource: Switched to clocksource kvm-clock
[    7.203688] AppArmor: AppArmor Filesystem Enabled
[    7.210256] pnp: PnP ACPI init
[    7.211918] pnp: PnP ACPI: found 3 devices
[   2234clksurce: acpi_pm: mask: 0xffffff max_cycles: 0xffffff, max_idle_ns: 2085701024 ns
[    7.468590] NET: Registered protocol family 2
[    7.469867] TCP established hash table entries: 4096 (order: 3, 32768 bytes)
[   7.499286] TCP bind hash table entries: 4096 (order: 4, 65536 bytes)
[   .54421] TCP: Hash tables configured (established 4096 bind 4096)
[   .602136] UDP hash table entries: 256 (order: 1, 8192 bytes)
[    7.650722] UDP-Lite hash table entries: 256 (order: 1, 8192 bytes)
[    7.652210] NET: Registered protocol family 1
[    7.653282] pci 0000:00:00.0: Limiting direct PCI/PCI transfers
[    7.654633] pci 0000:00:01.0: Activating ISA DMA hang workarounds
[    7.656182] Unpacking initramfs...

[    9.449190] Freeing initrd memory: 10840K (ffff88001e0d6000 - ffff88001eb6c000)
[    9.456608] RAPL PMU detected, API unit is 2^-32 Joules, 3 fixed counters 10737418240 ms ovfl timer
[    9.458841] hw unit of domain pp0-core 2^-0 Joules
[    9.483353] hw unit of domain package 2^-0 Joules
[    9.484539] hw unit of domain pp1-gpu 2^-0 Joules
[    9.485780] platform rtc_cmos: registered platform RTC device (no PNP device found)
[    9.487862] Scanning for low memory corruption every 60 seconds
[    9.497626] audit: initializing netlink subsys (disabled)
[    9.532589] audit: type=2000 audit(1527350103.064:1): initialized
[    9.548636] Initialise system trusted keyring
[    9.567506] HugeTLB registered 2 MB page size, pre-allocated 0 pages
[    9.610917] zbud: loaded
[    9.647426] VFS: Disk quotas dquot_6.6.0
[    9.707239] VFS: Dquot-cache hash table entries: 512 (order 0, 4096 bytes)
[    9.793447] squashfs: version 4.0 (2009/01/31) Phillip Lougher
[    9.796791] fuse init (API version 7.23)
[    9.805674] Key type big_key registered
[  9170]llatg A K d acis keyrings.
  0.17] c:efedSC clocksource calibration: 2494.010 MHz
[   10.897862] clocksource: tsc: mask: 0xffffffffffffffff max_cycles: 0x23f31f5ee0c, max_idle_ns: 440795260495 ns
[   10.898195] Key type asymmetric registered
[   10.898202] Asymmetric key parser 'x509' registered
[   10.898262] Block layer SCSI generic (bsg) driver version 0.4 loaded (major 249)
[   10.898297] io scheduler noop registered
[   10.898299] io scheduler deadline registered (default)
[   10.898331] io scheduler cfq registered
[   10.898446] pci_hotplug: PCI Hot Plug PCI Core version: 0.5
[   10.898452] pciehp: PCI Express Hot Plug Controller Driver version: 0.4
[   10.898590] ACPI: AC Adapter [AC] (on-line)
[   10.898646] input: Power Button as /devices/LNXSYSTM:00/LNXPWRBN:00/input/input0
[   10.898649] ACPI: Power Button [PWRF]
[   10.898716] input: Sleep Button as /devices/LNXSYSTM:00/LNXSLPBN:00/input/input1
[   10.898717] ACPI: Sleep Button [SLPF]
[   10.898885] GHES: HEST is not enabled!
[   10.900034] ACPI: Battery Slot [BAT0] (battery present)
[   10.900099] Serial: 8250/16550 driver, 32 ports, IRQ sharing enabled
[   10.922057] 00:02: ttyS0 at I/O 0x3f8 (irq = 4, base_baud = 115200) is a 16550A
[   11.012831] Linux agpgart interface v0.103
[   11.038053] loop: module loaded
[   11.038878] scsi host0: ata_piix
[   11.038946] scsi host1: ata_piix
[   11.038997] ata1: PATA max UDMA/33 cmd 0x1f0 ctl 0x3f6 bmdma 0xd000 irq 14
[   11.038997] ata2: PATA max UDMA/33 cmd 0x170 ctl 0x376 bmdma 0xd008 irq 15
[   11.039077] libphy: Fixed MDIO Bus: probed
[   11.039080] tun: Universal TUN/TAP device driver, 1.6
[   11.039080] tun: (C) 1999-2004 Max Krasnyansky <maxk@qualcomm.com>
[   11.039385] PPP generic driver version 2.4.2
[   11.039444] ehci_hcd: USB 2.0 'Enhanced' Host Controller (EHCI) Driver
[   11.039448] ehci-pci: EHCI PCI platform driver
[   11.039466] ehci-platform: EHCI generic platform driver
[   11.039475] ohci_hcd: USB 1.1 'Open' Host Controller (OHCI) Driver
[   11.039479] ohci-pci: OHCI PCI platform driver
[   11.039487] ohci-platform: OHCI generic platform driver
[   11.039494] uhci_hcd: USB Universal Host Controller Interface driver
[   11.039556] i8042: PNP: PS/2 Controller [PNP0303:PS2K,PNP0f03:PS2M] at 0x60,0x64 irq 1,12
[   11.079761] serio: i8042 KBD port at 0x60,0x64 irq 1
[   11.079767] serio: i8042 AUX port at 0x60,0x64 irq 12
[   11.079900] mousedev: PS/2 mouse device common for all mice
[   11.080217] rtc_cmos rtc_cmos: rtc core: registered rtc_cmos as rtc0
[   11.080275] rtc_cmos rtc_cmos: alarms up to one day, 114 bytes nvram
[   11.080283] i2c /dev entries driver
[   11.080344] device-mapper: uevent: version 1.0.3
[   11.080402] device-mapper: ioctl: 4.34.0-ioctl (2015-10-28) initialised: dm-devel@redhat.com
[   11.080420] ledtrig-cpu: registered to indicate activity on CPUs
[   11.080726] NET: Registered protocol family 10
[   11.080889] NET: Registered protocol family 17
[   11.080899] Key type dns_resolver registered
[   11.083848] microcode: CPU0 sig=0x206a7, pf=0x10, revision=0x0
[   11.083860] microcode: CPU1 sig=0x206a7, pf=0x10, revision=0x0
[   11.083934] microcode: Microcode Update Driver: v2.01 <tigran@aivazian.fsnet.co.uk>, Peter Oruba
[   11.084075] registered taskstats version 1
[   11.084091] Loading compiled-in X.509 certificates
[   11.084893] Loaded X.509 cert 'Build time autogenerated kernel key: 420a71e958a947963108b13c1c2e45412a03ca90'
[   11.084910] zswap: loaded using pool lzo/zbud
[   11.086403] Key type trusted registered
[   11.089342] Key type encrypted registered
[   11.089347] AppArmor: AppArmor sha1 policy hashing enabled
[   11.089350] ima: No TPM chip found, activating TPM-bypass!
[   11.089369] evm: HMAC attrs: 0x1
[   11.089727]   Magic number: 2:430:943
[   11.089755] tty tty0: hash matches
[   11.089757] tty console: hash matches
[   11.091172] rtc_cmos rtc_cmos: setting system clock to 2018-05-26 15:55:06 UTC (1527350106)
[   11.091351] BIOS EDD facility v0.16 2004-Jun-25, 0 devices found
[   11.091351] EDD information not available.
[   11.106749] input: AT Translated Set 2 keyboard as /devices/platform/i8042/serio0/input/input2
[   12.460857] Freeing unused kernel memory: 1488K (ffffffff81f45000 - ffffffff820b9000)
[   13.087986] Write protecting the kernel read-only data: 14336k
[   13.490818] Freeing unused kernel memory: 1752K (ffff88000184a000 - ffff880001a00000)
[   14.052110] Freeing unused kernel memory: 112K (ffff880001de4000 - ffff880001e00000)
Loading, please wait...
[   14.170649] random: systemd-udevd: uninitialized urandom read (16 bytes read, 4 bits of entropy available)
starting version 229
[   14.171295] random: udevadm: uninitialized urandom read (16 bytes read, 4 bits of entropy available)
[   14.171341] random: udevadm: uninitialized urandom read (16 bytes read, 4 bits of entropy available)
[   14.171480] random: udevadm: uninitialized urandom read (16 bytes read, 4 bits of entropy available)
[   14.171537] random: udevadm: uninitialized urandom read (16 bytes read, 4 bits of entropy available)
[   14.171589] random: udevadm: uninitialized urandom read (16 bytes read, 4 bits of entropy available)
[   14.171640] random: udevadm: uninitialized urandom read (16 bytes read, 4 bits of entropy available)
[   14.171691] random: udevadm: uninitialized urandom read (16 bytes read, 4 bits of entropy available)
[   14.172345] random: udevadm: uninitialized urandom read (16 bytes read, 4 bits of entropy available)
[   14.172442] random: udevadm: uninitialized urandom read (16 bytes read, 4 bits of entropy available)
[   14.779112] e1000: Intel(R) PRO/1000 Network Driver - version 7.3.21-k8-NAPI
[   14.790466] e1000: Copyright (c) 1999-2006 Intel Corporation.
[   14.839714] Fusion MPT base driver 3.04.20
[   14.888092] Copyright (c) 1999-2008 LSI Corporation
[   14.894017] AVX version of gcm_enc/dec engaged.
[   14.963996] AES CTR mode by8 optimization enabled
[   14.965323] Fusion MPT SPI Host driver 3.04.20
[   15.024209] input: ImExPS/2 Generic Explorer Mouse as /devices/platform/i8042/serio1/input/input4
[   15.299004] e1000 0000:00:03.0 eth0: (PCI:33MHz:32-bit) 02:c0:e2:3c:71:11
[   15.731246] e1000 0000:00:03.0 eth0: Intel(R) PRO/1000 Network Connection
[   16.118495] mptbase: ioc0: Initiating bringup
[   16.407393] ioc0: LSI53C1030 A0: Capabilities={Initiator}
[   16.779997] scsi host2: ioc0: LSI53C1030 A0, FwRev=00000000h, Ports=1, MaxQ=256, IRQ=20
[   17.004825] scsi 2:0:0:0: Direct-Access     VBOX     HARDDISK         1.0  PQ: 0 ANSI: 5
[   17.118544] scsi target2:0:0: Beginning Domain Validation
[   17.157007] scsi target2:0:0: Domain Validation skipping write tests
[   17.225516] scsi target2:0:0: Ending Domain Validation
[   17.267422] scsi target2:0:0: asynchronous
[   17.317395] scsi 2:0:1:0: Direct-Access     VBOX     HARDDISK         1.0  PQ: 0 ANSI: 5
[   17.391974] e1000 0000:00:08.0 eth1: (PCI:33MHz:32-bit) 08:00:27:36:e4:9c
[   17.391982] e1000 0000:00:08.0 eth1: Intel(R) PRO/1000 Network Connection
[   17.617813] scsi target2:0:1: Beginning Domain Validation
[   17.618922] e1000 0000:00:03.0 enp0s3: renamed from eth0
[   17.654718] scsi target2:0:1: Domain Validation skipping write tests
[   17.683533] scsi target2:0:1: Ending Domain Validation
[   17.741676] scsi target2:0:1: asynchronous
[   17.748033] e1000 0000:00:08.0 enp0s8: renamed from eth1
[   17.789721] sd 2:0:0:0: [sda] 20971520 512-byte logical blocks: (10.7 GB/10.0 GiB)
[   17.792852] sd 2:0:0:0: [sda] Write Protect is off
[   17.795975] sd 2:0:0:0: Attached scsi generic sg0 type 0
[   17.800495] sd 2:0:0:0: [sda] Incomplete mode parameter data
[   17.800707] sd 2:0:1:0: Attached scsi generic sg1 type 0
[   17.800867] sd 2:0:1:0: [sdb] 20480 512-byte logical blocks: (10.5 MB/10.0 MiB)
[   17.800990] sd 2:0:1:0: [sdb] Write Protect is off
[   17.801069] sd 2:0:1:0: [sdb] Incomplete mode parameter data
[   17.801070] sd 2:0:1:0: [sdb] Assuming drive cache: write through
[   17.819275] sd 2:0:1:0: [sdb] Attached SCSI disk
[   18.671232] floppy0: no floppy controllers found
[   18.671280] work still pending
[   18.718047] sd 2:0:0:0: [sda] Assuming drive cache: write through
[   18.736472]  sda: sda1
[   18.958858] sd 2:0:0:0: [sda] Attached SCSI disk
Begin: Loading e[   20.747960] md: linear personality registered for level -1
ssential drivers ... [   20.767100] md: multipath personality registered for level -4
[   20.775452] md: raid0 personality registered for level 0
[   20.797467] md: raid1 personality registered for level 1
[   20.878764] raid6: sse2x1   gen()  6969 MB/s
[   20.982752] raid6: sse2x1   xor()  6254 MB/s
[   21.090750] raid6: sse2x2   gen() 10048 MB/s
[   21.214754] raid6: sse2x2   xor()  7253 MB/s
[   21.334756] raid6: sse2x4   gen() 11379 MB/s
[   21.450749] raid6: sse2x4   xor()  8395 MB/s
[   21.508223] raid6: using algorithm sse2x4 gen() 11379 MB/s
[   21.575168] raid6: .... xor() 8395 MB/s, rmw enabled
[   21.583976] raid6: using ssse3x2 recovery algorithm
[   21.586899] xor: automatically using best checksumming function:
[   21.667341]    avx       : 41988.000 MB/sec
[   21.672308] async_tx: api initialized (async)
[   21.687878] md: raid6 personality registered for level 6
[   21.698540] md: raid5 personality registered for level 5
[   21.715524] md: raid4 personality registered for level 4
[   21.726171] md: raid10 personality registered for level 10
done.
Begin: Running /scripts/init-premount ... done.
Begin: Mounting root file system ... Begin: Running /scripts/local-top ... done.
Begin: Running /scripts/local-premount ... [   21.807380] Btrfs loaded
Scanning for Btrfs filesystems
done.
Warning: fsck not present, so skipping root file system
[   22.025143] EXT4-fs (sda1): mounted filesystem with ordered data mode. Opts: (null)
done.
Begin: Running /scripts/local-bottom ... done.
Begin: Running /scripts/init-bottom ... done.
[   23.039047] systemd[1]: systemd 229 running in system mode. (+PAM +AUDIT +SELINUX +IMA +APPARMOR +SMACK +SYSVINIT +UTMP +LIBCRYPTSETUP +GCRYPT +GNUTLS +ACL +XZ -LZ4 +SECCOMP +BLKID +ELFUTILS +KMOD -IDN)
[   23.113295] systemd[1]: Detected virtualization oracle.
[   23.178226] systemd[1]: Detected architecture x86-64.
[   23.191017] random: nonblocking pool is initialized

Welcome to [1mUbuntu 16.04.3 LTS[0m!

[   23.481576] systemd[1]: Set hostname to <ubuntu>.
[   23.640712] systemd[1]: Initializing machine ID from random generator.
[   23.689292] systemd[1]: Installed transient /etc/machine-id file.
[   24.966802] systemd[1]: Listening on Device-mapper event daemon FIFOs.
[[0;32m  OK  [0m] Listening on Device-mapper event daemon FIFOs.
[   25.031919] systemd[1]: Listening on Journal Socket (/dev/log).
[[0;32m  OK  [0m] Listening on Journal Socket (/dev/log).
[   25.036324] systemd[1]: Listening on Syslog Socket.
[[0;32m  OK  [0m] Listening on Syslog Socket.
[   25.041272] systemd[1]: Set up automount Arbitrary Executable File Formats File System Automount Point.
[[0;32m  OK  [0m] Set up automount Arbitrary Executab...ats File System Automount Point.
[   25.053526] systemd[1]: Reached target Encrypted Volumes.
[[0;32m  OK  [0m] Reached target Encrypted Volumes.
[   25.056325] systemd[1]: Created slice System Slice.
[[0;32m  OK  [0m] Created slice System Slice.
[   25.058623] systemd[1]: Reached target User and Group Name Lookups.
[[0;32m  OK  [0m] Reached target User and Group Name Lookups.
[   25.061485] systemd[1]: Listening on udev Control Socket.
[[0;32m  OK  [0m] Listening on udev Control Socket.
[   25.064036] systemd[1]: Listening on Journal Audit Socket.
[[0;32m  OK  [0m] Listening on Journal Audit Socket.
[   25.066776] systemd[1]: Created slice system-serial\x2dgetty.slice.
[[0;32m  OK  [0m] Created slice system-serial\x2dgetty.slice.
[   25.214069] systemd[1]: Listening on LVM2 poll daemon socket.
[[0;32m  OK  [0m] Listening on LVM2 poll daemon socket.
[   25.234510] systemd[1]: Listening on Journal Socket.
[[0;32m  OK  [0m] Listening on Journal Socket.
[   25.290922] systemd[1]: Mounting POSIX Message Queue File System...
         Mounting POSIX Message Queue File System...
[   25.338288] systemd[1]: Starting Uncomplicated firewall...
         Starting Uncomplicated firewall...
[   25.355869] systemd[1]: Mounting DebugFFile System...
         Mounting Debug File System...
[   25.863199] systemd[1]: Starting Remount Root and Kernel File Systems...
[   25.870999] EXT4-fs (sda1): re-mounted. Opts: (null)
         Starting Remount Root and Kernel File Systems...
[   25.891557] systemd[1]: Starting Nameserver information manager...
         Starting Nameserver information manager...
[   25.911884] systemd[1]: Starting Journal Service...
         Starting Journal Service...
[   25.939985] systemd[1]: Starting Set console keymap...
         Starting Set console keymap...
[   25.945089] systemd[1]: Created slice User and Session Slice.
[[0;32m  OK  [0m] Created slice User and Session Slice.
[   25.955004] systemd[1]: Reached target Slices.
[[0;32m  OK  [0m] Reached target Slices.
[   26.019169] systemd[1]: Starting Load Kernel Modules...
         Startin[   26.196255] Loading iSCSI transport class v2.0-870.
g Load Kernel Modules...
[   26.201248] systemd[1]: Starting Create list of required static device nodes for the current kernel...
         Starting Create list of required st... nodes for the current kernel...
[   26.216167] systemd[1]: Listening on LVM2 metadata daemon socket.
[[0;32m  OK  [0m] Listening on LVM2 metadata daemon socket.
[   26.235182] systemd[1]: Starting Monitoring of LVM2 mirrors, snapshots etc. using dmeventd or progress polling...
         Starting Monitoring of LVM2 mirrors... dmeventd or progress polling...
[   26.281045] iscsi: registered transport (tcp)
[   26.282193] systemd[1]: Listening on /dev/initctl Compatibility Named Pipe.
[[0;32m  OK  [0m] Listening on /dev/initctl Compatibility Named Pipe.
[   26.397241] systemd[1]: Listening on udev Kernel Socket.
[[0;32m  OK  [0[   26.479060] iscsi: registered transport (iser)
m] Listening on udev Kernel Socket.
[   26.6835]ysemd[1]: Started Trigger resolvconf update for networkd DNS.
[[0;32m  OK  [0m] Started Trigger resolvconf update for networkd DNS.
[   27.211194] sysem1] Reaed target Swap.
[[0;32m  OK  [0m] Reached target Swap.
[   27.487094] systemd[1]: Mounting Huge Pages File System...
         Mounting Huge Pages File System...
[   27.511034] systemd[1]: Started Forward Password Requests to Wall Directory Watch.
[[0;32m  OK  [0m] Started Forward Password Requests to Wall Directory Watch.
[   27.568073] systemd[1]: Mounted POSIX Message Queue File System.
[[0;32m  OK  [0m] Mounted POSIX Message Queue File System.
[   27.590399] systemd[1]: Mounted Huge Pages File System.
[[0;32m  OK  [0m] Mounted Huge Pages File System.
[   27.593284] systedd[1]: Mounted Debug File System.
[[0;32m  OK  [0m] Mounted Debug File System.
[   27.959274]ssystemd[1]: Started Journal Service.
[[0;32m  OK  [0m] Started Journal Service.
[[0;32m  OK  [0m] Started Uncomplicated firewall.
[[0;32m  OK  [0m] Started Remount Root and Kernel File Systems.
[[0;32m  OK  [0m] Started Set console keymap.
[[0;32m  OK  [0m] Started Load Kernel Modules.
[[0;32m  OK  [0m] Started Create list of required sta...ce nodes for the current kernel.
[[0;32m  OK  [0m] Started Nameserver information manager.
[[0;32m  OK  [0m] Started LVM2 metadata daemon.
         Starting Create Static Device Nodes in /dev...
         Starting Apply Kernel Variables...
         Mounting FUSE Control File System...
         Starting Load/Save Random Seed...
         Starting udev Coldplug all Devices...
         Starting Initial cloud-init job (pre-networking)...
         Starting Flush Journal to Persistent Storage...
[[0;32m  OK  [0m] Mounted FUSE Control File System.
[[0;32m  OK  [0m] Started Load/Save Random Seed.
[[0;32m  OK  [0m] Started Apply Kernel Variables.
[[0;32m  OK  [0m] Started udev Coldplug all Devices.
[[0;32m  OK  [0m] Started Flush Journal to Persistent Storage.
[[0;32m  OK  [0m] Started Monitoring of LVM2 mirrors,...ng dmeventd or progress polling.
[[0;32m  OK  [0m] Started Create Static Device Nodes in /dev.
         Starting udev Kernel Device Manager...
[[0;32m  OK  [0m] Started udev Kernel Device Manager.
[[0;32m  OK  [0m] Started Dispatch Password Requests to Console Directory Watch.
[[0;32m  OK  [0m] Reached target Local File Systems (Pre).
[[0;32m  OK  [0m] Reached target Local File Systems.
         Starting LSB: AppArmor initialization...
         Starting Set console font and keymap...
         Starting Create Volatile Files and Directories...
         Starting Tell Plymouth To Write Out Runtime Data...
         Starting Commit a transient machine-id on disk...
[[0;32m  OK  [0m] Started Commit a transient machine-id on disk.
[[0;32m  OK  [0m] Started Tell Plymouth To Write Out Runtime Data.
[[0;32m  OK  [0m] Started Create Volatile Files and Directories.
         Starting Update UTMP about System Boot/Shutdown...
[[0;32m  OK  [0m] Reached target System Time Synchronized.
[[0;32m  OK  [0m] Found device /dev/ttyS0.
[[0;32m  OK  [0m] Started Update UTMP about System Boot/Shutdown.
[[0;32m  OK  [0m] Listening on Load/Save RF Kill Switch Status /dev/rfkill Watch.
[[0;32m  OK  [0m] Started LSB: AppArmor initialization.
[[0;32m  OK  [0m] Started Set console font and keymap.
[[0;32m  OK  [0m] Created slice system-getty.slice.
[   28.542023] cloud-init[448]: Cloud-init v. 0.7.9 running 'init-local' at Sat, 26 May 2018 15:55:30 +0000. Up 27.94 seconds.
[[0;32m  OK  [0m] Started Initial cloud-init job (pre-networking).
[[0;32m  OK  [0m] Reached target Network (Pre).
         Starting Raise network interfaces...
[[0;32m  OK  [0m] Started Raise network interfaces.
         Starting Initial cloud-init job (metadata service crawler)...
[[0;32m  OK  [0m] Reached target Network.
[   31.468492] cloud-init[953]: Cloud-init v. 0.7.9 running 'init' at Sat, 26 May 2018 15:55:31 +0000. Up 29.52 seconds.
[   31.501980] cloud-init[953]: ci-info: ++++++++++++++++++++++++++++++++++++++Net device info++++++++++++++++++++++++++++++++++++++
[   31.534207] [cloud-init[0;32m  OK  [0m[953]: ] ci-info: +--------+-------+----------------------------+---------------+-------+-------------------+Started Initial cloud-init job (metadata service crawler).

[   31.534757] cloud-init[953]: ci-info: | Device |   Up  |          Address           |      Mask     | Scope |     Hw-Address    |
[   31.543025] [cloud-init[0;32m  OK  [0m[953]: ] ci-info: +--------+-------+----------------------------+---------------+-------+-------------------+Reached target Network is Online.

[   31.543513] cloud-init[953]: ci-info: |   lo   |  True |         127.0.0.1          |   255.0.0.0   |   .   |         .         |
[   31.550304] cloud-init[953]: ci-info: |   lo   |  True |          ::1/128           |       .       |  host |         .         |
[   31.553832] cloud-init[953]: ci-info: | enp0s8 | False |             .              |       .       |   .   | 08:00:27:36:e4:9c |
[   31.558161]          cloud-initStarting iSCSI initiator daemon (iscsid)...[953]: 
ci-info: | enp0s3 |  True |         10.0.2.15          | 255.255.255.0 |   .   | 02:c0:e2:3c:71:11 |
[   31.566100] [cloud-init[0;32m  OK  [0m[953]: ] ci-info: | enp0s3 |  True | fe80::c0:e2ff:fe3c:7111/64 |       .       |  link | 02:c0:e2:3c:71:11 |Reached target Cloud-config availability.

[[0;32m  OK  [0m] Reached target System Initialization.
[   31.566625] cloud-init[953]: ci-info: +--------+-------+----------------------------+---------------+-------+-------------------+
[   31.597094] cloud-init[953]: ci-info: +++++++++++++++++++++++++++Route IPv4 info++++++++++++++++++++++++++++
[   31.602288] [cloud-init[0;32m  OK  [0m[953]: ci-info: +-------+-------------+----------+---------------+-----------+-------+] 
Started ACPI Events Check.
[   31.602805] [cloud-init[0;32m  OK  [0m[953]: ] ci-info: | Route | Destination | Gateway  |    Genmask    | Interface | Flags |Reached target Paths.

[   31.606424] [cloud-init[0;32m  OK  [0m[953]: ] ci-info: +-------+-------------+----------+---------------+-----------+-------+Listening on ACPID Listen Socket.

[[0;32m  OK  [0m] Listening on UUID daemon activation socket.
[[0;32m  OK  [0m] Listening on D-Bus System Message Bus Socket.
[   31.609963] cloud-init[953]: ci-info: |   0   |   0.0.0.0   | 10.0.2.2 |    0.0.0.0    |   enp0s3  |   UG  |
[   31.660354] [cloud-init[0;32m  OK  [0m[953]: ] ci-info: |   1   |   10.0.2.0  | 0.0.0.0  | 255.255.255.0 |   enp0s3  |   U   |Started Timer to automatically refresh installed snaps.

[   31.660989] cloud-init[953]: ci-info: +-------+-------------+----------+---------------+-----------+-------+
[   31.669755] cloud-init[953]: Generating public/private rsa key pair.
[   31.676288]          cloud-initStarting LXD - unix socket.[953]: 
Your identification has been saved in /etc/ssh/ssh_host_rsa_key.
[   31.679669] [[0;32m  OK  [0m] Started Daily apt download activities.
cloud-init[953]: Your public key has been saved in /etc/ssh/ssh_host_rsa_key.pub.
[   31.690561] [cloud-init[0;32m  OK  [0m[953]: ] The key fingerprint is:Started Daily apt upgrade and clean activities.

[   31.691113]          cloud-initStarting Socket activation for snappy daemon.[953]: 
SHA256:uabzbEnIwyleh1Tz+73p+uY1+ImLVVcnad1/VaOgtZ0 root@ubuntu-xenial
[   31.699453] [cloud-init[0;32m  OK  [0m[953]: ] The key's randomart image is:Started Daily Cleanup of Temporary Directories.

[   31.700040] [[0;32m  OK  [0m] Reached target Timers.cloud-init
[953]: +---[RSA 2048]----+
[   31.706862] cloud-init[953]: |           o   ..|
[   31.709158] cloud-init[953]: |        o o + oo+|
[   31.716967] cloud-init[953]: |       . + . E+ *|
[[0;32m  OK  [0m] Listening on LXD - unix socket.
[[0;32m  OK  [0m] Listening on Socket activation for snappy daemon.
[   31.722855] cloud-init[953]: |      .  ..  . .=|
[   31.729739] cloud-init[953]: |     + +S  .   .+|
[   31.733036] cloud-init[953]: |    . O o..   o o|
[   31.735291] [cloud-init[0;32m  OK  [0m[953]: ] |   . o +o. . + ..|Reached target Sockets.

[   31.735823] [cloud-init[0;32m  OK  [0m[953]: ] |    . .+o   + =oo|Reached target Basic System.

[   31.738634] cloud-init[953]: |      .+o  ..OB+ |
[   31.743235] [cloud-init[0;32m  OK  [0m[953]: ] +----[SHA256]-----+Started Deferred execution scheduler.

[   31.743818] cloud-init[953]: Generating public/private dsa key pair.
[   31.750486]          cloud-initStarting LSB: MD monitoring daemon...[953]: 
Your identification has been saved in /etc/ssh/ssh_host_dsa_key.
[   31.770345]          cloud-initStarting Accounts Service...[953]: 
Your public key has been saved in /etc/ssh/ssh_host_dsa_key.pub.
[   31.790920] cloud-init[953]: The key fingerprint is:
[   31.793249] cloud-init[953]: SHA256:7EcGpOeLmEzyBqoBA9R4ukSJvDeblbgWlc2QfNcxX6w root@ubuntu-xenial
[   31.797826]          cloud-initStarting Pollinate to seed the pseudo random number generator...[953]: 
The key's randomart image is:
[   31.805074] [cloud-init[0;32m  OK  [0m[953]: ] +---[DSA 1024]----+Started D-Bus System Message Bus.

[   31.805586] cloud-init[953]: |o.+ ..* . .o. .. |
[   31.810229] cloud-init[953]: |o= o = * . .o .. |
[   31.837603] cloud-init[953]: |o + o + +    ..  |
[   31.844637] cloud-init[953]: |.+ = o + .   E   |
[   31.866731] cloud-init[953]: |+ = O   S o      |
[   31.868220] cloud-init[953]: |.+ @ o o +       |
[   31.872095] cloud-init[953]: |o . * . o .      |
[   31.874629] cloud-init[953]: |.. .     .       |
[   31.916325] cloud-init[953]: |.                |
[   31.940442] cloud-init[953]: +----[SHA256]-----+
[   31.948396] cloud-init[953]: Generating public/private ecdsa key pair.
[   31.972397] cloud-init[953]: Your identification has been saved in /etc/ssh/ssh_host_ecdsa_key.
[   32.024526] cloud-init[953]: Your public key has been saved in /etc/ssh/ssh_host_ecdsa_key.pub.
[   32.088529] cloud-init[953]: The key fingerprint is:
[   32.116535] cloud-init[953]: SHA256:GcO2zfgD+7ytNKejWQ9zZ6zfu1JbbdkK/Cj4ZyVNf5k root@ubuntu-xenial
[   32.144674] cloud-init[953]: The key's randomart image is:
[   32.147990] cloud-init[953]: +---[ECDSA 256]---+
[   32.150989] cloud-init[953]: |                 |
[   32.152837] cloud-init[953]: |       .         |
[   32.155803] cloud-init[953]: |        =        |
[   32.158369] cloud-init[953]: |       . O    .  |
[   32.168344] cloud-init[953]: |        S o. o .*|
[   32.173463] cloud-init[953]: |         +  +.oEB|
[   32.192314] cloud-init[953]: |        ..O o*=o+|
[   32.208642] cloud-init[953]: |        .*o@+=oo |
[   32.212642] cloud-init[953]: |        ooBB+.oo+|
[   32.215489] cloud-init[953]: +----[SHA256]-----+
[   32.217195] cloud-init[953]: Generating public/private ed25519 key pair.
[   32.220413] cloud-init[953]: Your identification has been saved in /etc/ssh/ssh_host_ed25519_key.
[   32.225497] cloud-init[953]: Your public key has been saved in /etc/ssh/ssh_host_ed25519_key.pub.
[   32.228785] cloud-init[953]: The key fingerprint is:
[   32.232670] cloud-init[953]: SHA256:COznrVI0umEbQ1fa1jY5+gqeJIshvzm13imdcuWpNUw root@ubuntu-xenial
[   32.267661] cloud-init[953]: The key's randomart image is:
[   32.271425] cloud-init[953]: +--[ED25519 256]--+
[   32.275148] cloud-init[953]: |                 |
[   32.277650] cloud-init[953]: |   .    .        |
[   32.279860] cloud-init[953]: |    o  + . .     |
[   32.282415] cloud-init[953]: |   ...=.o *      |
[   32.284728] cloud-init[953]: |   ..+ooEo o     |
[   32.288169] cloud-init[953]: |    Bo.+o        |
[   32.289382] cloud-init[953]: |. .o.X++=o       |
[   32.291654] cloud-init[953]: | o.+B*+*o..      |
[   32.321216] cloud-init[953]: |  =+o=B...       |
[   32.327229] cloud-init[953]: +----[SHA256]-----+
         Starting LSB: Record successful boot for GRUB...
         Starting Apply the settings specified in cloud-config...
         Starting System Logging Service...
[[0;32m  OK  [0m] Started Snappy daemon.
         Starting Auto import assertions from block devices...
[[0;32m  OK  [0m] Started ACPI event daemon.
[[0;32m  OK  [0m] Started FUSE filesystem for LXC.
         Starting Login Service...
[[0;32m  OK  [0m] Started Regular background program processing daemon.
[[0;32m  OK  [0m] Started Unattended Upgrades Shutdown.
         Starting /etc/rc.local Compatibility...
         Starting LXD - container startup/shutdown...
[[0;32m  OK  [0m] Started iSCSI initiator daemon (iscsid).
[[0;32m  OK  [0m] Started Auto import assertions from block devices.
[[0;32m  OK  [0m] Started /etc/rc.local Compatibility.
         Starting Authenticate and Authorize Users to Run Privileged Tasks...
         Starting Login to default iSCSI targets...
[[0;32m  OK  [0m] Started Login Service.
[[0;32m  OK  [0m] Started LSB: Record successful boot for GRUB.
[[0;32m  OK  [0m] Started System Logging Service.
[[0;32m  OK  [0m] Started LSB: MD monitoring daemon.
[   33.764659] cloud-init[1104]: Generating locales (this might take a while)...
[[0;32m  OK  [0m] Started Login to default iSCSI targets.
[[0;32m  OK  [0m] Reached target Remote File Systems (Pre).
[[0;32m  OK  [0m] Reached target Remote File Systems.
         Starting LSB: Set the CPU Frequency Scaling governor to "ondemand"...
         Starting LSB: automatic crash report generation...
         Starting LSB: daemon to balance interrupts for SMP systems...
         Starting Permit User Sessions...
         Starting LSB: VirtualBox Linux Additions...
[[0;32m  OK  [0m] Started Authenticate and Authorize Users to Run Privileged Tasks.
[[0;32m  OK  [0m] Started Accounts Service.
[[0;32m  OK  [0m] Started LSB: Set the CPU Frequency Scaling governor to "ondemand".
[[0;32m  OK  [0m] Started Permit User Sessions.
         Starting Terminate Plymouth Boot Screen...
         Starting Hold until boot process finishes up...
[[0;32m  OK  [0m] Started Terminate Plymouth Boot Screen.
[[0;32m  OK  [0m] Started Hold until boot process finishes up.
[[0;32m  OK  [0m] Started Getty on tty1.
         Starting Set console scheme...
[[0;32m  OK  [0m] Started Serial Getty on ttyS0.
[[0;32m  OK  [0m] Reached target Login Prompts.
[[0;32m  OK  [0m] Started LSB: daemon to balance interrupts for SMP systems.
[[0;32m  OK  [0m] Started Set console scheme.
[[0;32m  OK  [0m] Started LSB: automatic crash report generation.
[[0;32m  OK  [0m] Started LSB: VirtualBox Linux Additions.
[   36.337802] cloud-init[1104]:   en_US.UTF-8... done
[   36.348479] cloud-init[1104]: Generation complete.
[[0;32m  OK  [0m] Started LXD - container startup/shutdown.
[[0;32m  OK  [0m] Started Pollinate to seed the pseudo random number generator.
         Starting OpenBSD Secure Shell server...
[[0;32m  OK  [0m] Stopped OpenBSD Secure Shell server.
         Starting OpenBSD Secure Shell server...
[[0;32m  OK  [0m] Started OpenBSD Secure Shell server.
[[0;32m  OK  [0m] Reached target Multi-User System.
[[0;32m  OK  [0m] Reached target Graphical Interface.
         Starting Update UTMP about System Runlevel Changes...
[[0;32m  OK  [0m] Started Update UTMP about System Runlevel Changes.
[[0;32m  OK  [0m] Created slice User Slice of ubuntu.
         Starting User Manager for UID 1000...
[[0;32m  OK  [0m] Started Session 1 of user ubuntu.
[[0;32m  OK  [0m] Started User Manager for UID 1000.
[   38.458972] cloud-init[1104]: Cloud-init v. 0.7.9 running 'modules:config' at Sat, 26 May 2018 15:55:34 +0000. Up 32.78 seconds.
[[0;32m  OK  [0m] Started Apply the settings specified in cloud-config.
         Starting Execute cloud user/final scripts...
ci-info: no authorized ssh keys fingerprints found for user ubuntu.
<14>May 26 15:55:41 ec2: 
<14>May 26 15:55:41 ec2: #############################################################
<14>May 26 15:55:41 ec2: -----BEGIN SSH HOST KEY FINGERPRINTS-----
<14>May 26 15:55:41 ec2: 1024 SHA256:7EcGpOeLmEzyBqoBA9R4ukSJvDeblbgWlc2QfNcxX6w root@ubuntu-xenial (DSA)
<14>May 26 15:55:41 ec2: 256 SHA256:GcO2zfgD+7ytNKejWQ9zZ6zfu1JbbdkK/Cj4ZyVNf5k root@ubuntu-xenial (ECDSA)
<14>May 26 15:55:41 ec2: 256 SHA256:COznrVI0umEbQ1fa1jY5+gqeJIshvzm13imdcuWpNUw root@ubuntu-xenial (ED25519)
<14>May 26 15:55:41 ec2: 2048 SHA256:uabzbEnIwyleh1Tz+73p+uY1+ImLVVcnad1/VaOgtZ0 root@ubuntu-xenial (RSA)
<14>May 26 15:55:41 ec2: -----END SSH HOST KEY FINGERPRINTS-----
<14>May 26 15:55:41 ec2: #############################################################
-----BEGIN SSH HOST KEY KEYS-----
ecdsa-sha2-nistp256 AAAAE2VjZHNhLXNoYTItbmlzdHAyNTYAAAAIbmlzdHAyNTYAAABBBH/JnWMi3g2HeI1x3SaWmGvEHbtc6VeYxzdpEMbHaLwW7bOIOtiprg9sIH3wupxtjJPJR1qTlNfSY/xwT0/UCw4= root@ubuntu-xenial
ssh-ed25519 AAAAC3NzaC1lZDI1NTE5AAAAIGrJkXKUCBbCXvMbcsEpNx61WgTamj4qNt9SDzPOGVh+ root@ubuntu-xenial
ssh-rsa AAAAB3NzaC1yc2EAAAADAQABAAABAQC86sxZeoHV4N2pJLS/7sHGM5KrwRIkhaQrZLZ048o7D/jl1Hs6C0dXKD+Jyu8X0GNoC29SY7XpIGN9/5IuKCUSzJHfiVJy+pfC71M6nWPkppZ2pszXFRvOHpnk2xjy9tglT3zQwTBkmJeO1lZGTqqraLiBlAgksswhZlNxDkmK9x9mEFEgZNMB4OPqhSJUHFZr+Z/w/63B4mH0EVM7ojBSYRmZkmY7ps5yHfGzMISklN7M5/qz7IVfWPv10KgHj6uL+ibfVlPsEXuzTHTAgh4JYROnCX8JgkOa4GexNjY5njuDHNfVTPyjUGLIsIIVXgedEuHSoU8ehtXlRBlA95i/ root@ubuntu-xenial
-----END SSH HOST KEY KEYS-----
[   39.381052] cloud-init[1385]: Cloud-init v. 0.7.9 running 'modules:final' at Sat, 26 May 2018 15:55:41 +0000. Up 38.95 seconds.
[   39.381390] cloud-init[1385]: ci-info: no authorized ssh keys fingerprints found for user ubuntu.
[   39.381616] cloud-init[1385]: Cloud-init v. 0.7.9 finished at Sat, 26 May 2018 15:55:41 +0000. Datasource DataSourceNoCloud [seed=/dev/sdb][dsmode=net].  Up 39.35 seconds

Ubuntu 16.04.3 LTS ubuntu-xenial ttyS0

ubuntu-xenial login: 